Component: ARM Compiler 5.06 update 6 (build 750) Tool: armlink [4d35ed]

==============================================================================

Section Cross References

    startup_stm32h723xx.o(RESET) refers to startup_stm32h723xx.o(STACK) for __initial_sp
    startup_stm32h723xx.o(RESET) refers to startup_stm32h723xx.o(.text) for Reset_Handler
    startup_stm32h723xx.o(RESET) refers to stm32h7xx_it.o(i.NMI_Handler) for NMI_Handler
    startup_stm32h723xx.o(RESET) refers to stm32h7xx_it.o(i.HardFault_Handler) for HardFault_Handler
    startup_stm32h723xx.o(RESET) refers to stm32h7xx_it.o(i.MemManage_Handler) for MemManage_Handler
    startup_stm32h723xx.o(RESET) refers to stm32h7xx_it.o(i.BusFault_Handler) for BusFault_Handler
    startup_stm32h723xx.o(RESET) refers to stm32h7xx_it.o(i.UsageFault_Handler) for UsageFault_Handler
    startup_stm32h723xx.o(RESET) refers to stm32h7xx_it.o(i.SVC_Handler) for SVC_Handler
    startup_stm32h723xx.o(RESET) refers to stm32h7xx_it.o(i.DebugMon_Handler) for DebugMon_Handler
    startup_stm32h723xx.o(RESET) refers to stm32h7xx_it.o(i.PendSV_Handler) for PendSV_Handler
    startup_stm32h723xx.o(RESET) refers to stm32h7xx_it.o(i.SysTick_Handler) for SysTick_Handler
    startup_stm32h723xx.o(RESET) refers to stm32h7xx_it.o(i.OTG_HS_EP1_OUT_IRQHandler) for OTG_HS_EP1_OUT_IRQHandler
    startup_stm32h723xx.o(RESET) refers to stm32h7xx_it.o(i.OTG_HS_EP1_IN_IRQHandler) for OTG_HS_EP1_IN_IRQHandler
    startup_stm32h723xx.o(RESET) refers to stm32h7xx_it.o(i.OTG_HS_IRQHandler) for OTG_HS_IRQHandler
    startup_stm32h723xx.o(.text) refers to system_stm32h7xx.o(i.SystemInit) for SystemInit
    startup_stm32h723xx.o(.text) refers to entry.o(.ARM.Collect$$$$00000000) for __main
    main.o(i.MX_GPIO_Init) refers to memseta.o(.text) for __aeabi_memclr4
    main.o(i.MX_GPIO_Init) refers to stm32h7xx_hal_gpio.o(i.HAL_GPIO_WritePin) for HAL_GPIO_WritePin
    main.o(i.MX_GPIO_Init) refers to stm32h7xx_hal_gpio.o(i.HAL_GPIO_Init) for HAL_GPIO_Init
    main.o(i.MX_SPI4_Init) refers to stm32h7xx_hal_spi.o(i.HAL_SPI_Init) for HAL_SPI_Init
    main.o(i.MX_SPI4_Init) refers to main.o(.bss) for .bss
    main.o(i.MX_USART3_UART_Init) refers to stm32h7xx_hal_uart.o(i.HAL_UART_Init) for HAL_UART_Init
    main.o(i.MX_USART3_UART_Init) refers to stm32h7xx_hal_uart_ex.o(i.HAL_UARTEx_SetTxFifoThreshold) for HAL_UARTEx_SetTxFifoThreshold
    main.o(i.MX_USART3_UART_Init) refers to stm32h7xx_hal_uart_ex.o(i.HAL_UARTEx_SetRxFifoThreshold) for HAL_UARTEx_SetRxFifoThreshold
    main.o(i.MX_USART3_UART_Init) refers to stm32h7xx_hal_uart_ex.o(i.HAL_UARTEx_DisableFifoMode) for HAL_UARTEx_DisableFifoMode
    main.o(i.MX_USART3_UART_Init) refers to main.o(.bss) for .bss
    main.o(i.SystemClock_Config) refers to memseta.o(.text) for __aeabi_memclr4
    main.o(i.SystemClock_Config) refers to stm32h7xx_hal_pwr_ex.o(i.HAL_PWREx_ConfigSupply) for HAL_PWREx_ConfigSupply
    main.o(i.SystemClock_Config) refers to stm32h7xx_hal_rcc.o(i.HAL_RCC_OscConfig) for HAL_RCC_OscConfig
    main.o(i.SystemClock_Config) refers to stm32h7xx_hal_rcc.o(i.HAL_RCC_ClockConfig) for HAL_RCC_ClockConfig
    main.o(i.W5500SpiReadByte) refers to stm32h7xx_hal_spi.o(i.HAL_SPI_GetState) for HAL_SPI_GetState
    main.o(i.W5500SpiReadByte) refers to stm32h7xx_hal_spi.o(i.HAL_SPI_TransmitReceive) for HAL_SPI_TransmitReceive
    main.o(i.W5500SpiReadByte) refers to main.o(.bss) for .bss
    main.o(i.W5500SpiWriteByte) refers to stm32h7xx_hal_spi.o(i.HAL_SPI_GetState) for HAL_SPI_GetState
    main.o(i.W5500SpiWriteByte) refers to stm32h7xx_hal_spi.o(i.HAL_SPI_TransmitReceive) for HAL_SPI_TransmitReceive
    main.o(i.W5500SpiWriteByte) refers to main.o(.bss) for .bss
    main.o(i.fputc) refers to stm32h7xx_hal_uart.o(i.HAL_UART_Transmit) for HAL_UART_Transmit
    main.o(i.fputc) refers to main.o(.bss) for .bss
    main.o(i.main) refers to stm32h7xx_hal.o(i.HAL_Init) for HAL_Init
    main.o(i.main) refers to main.o(i.SystemClock_Config) for SystemClock_Config
    main.o(i.main) refers to main.o(i.MX_GPIO_Init) for MX_GPIO_Init
    main.o(i.main) refers to main.o(i.MX_SPI4_Init) for MX_SPI4_Init
    main.o(i.main) refers to stm32h7xx_hal_rtc.o(i.HAL_RTC_Init) for HAL_RTC_Init
    main.o(i.main) refers to usb_device.o(i.MX_USB_DEVICE_Init) for MX_USB_DEVICE_Init
    main.o(i.main) refers to main.o(i.MX_USART3_UART_Init) for MX_USART3_UART_Init
    main.o(i.main) refers to usbd_cdc_if.o(i.CDC_Transmit_HS) for CDC_Transmit_HS
    main.o(i.main) refers to stm32h7xx_hal.o(i.HAL_Delay) for HAL_Delay
    main.o(i.main) refers to main.o(.bss) for .bss
    main.o(i.network_initialize) refers to wizchip_conf.o(i.ctlnetwork) for ctlnetwork
    main.o(i.print_network_information) refers to wizchip_conf.o(i.wizchip_getnetinfo) for wizchip_getnetinfo
    main.o(i.print_network_information) refers to printf8.o(i.__0printf$8) for __2printf
    main.o(i.print_network_information) refers to main.o(.data) for .data
[...]
    i.SystemInit                             0x080035f4   Section        0  system_stm32h7xx.o(i.SystemInit)
    i.UARTEx_SetNbDataToProcess              0x080036b4   Section        0  stm32h7xx_hal_uart_ex.o(i.UARTEx_SetNbDataToProcess)
    UARTEx_SetNbDataToProcess                0x080036b5   Thumb Code    62  stm32h7xx_hal_uart_ex.o(i.UARTEx_SetNbDataToProcess)
    i.UART_AdvFeatureConfig                  0x080036f8   Section        0  stm32h7xx_hal_uart.o(i.UART_AdvFeatureConfig)
    i.UART_CheckIdleState                    0x080037c0   Section        0  stm32h7xx_hal_uart.o(i.UART_CheckIdleState)
    i.UART_EndRxTransfer                     0x0800386c   Section        0  stm32h7xx_hal_uart.o(i.UART_EndRxTransfer)
    UART_EndRxTransfer                       0x0800386d   Thumb Code    78  stm32h7xx_hal_uart.o(i.UART_EndRxTransfer)
    i.UART_SetConfig                         0x080038c0   Section        0  stm32h7xx_hal_uart.o(i.UART_SetConfig)
    i.UART_WaitOnFlagUntilTimeout            0x08003c9c   Section        0  stm32h7xx_hal_uart.o(i.UART_WaitOnFlagUntilTimeout)
    i.USBD_CDC_DataIn                        0x08003d28   Section        0  usbd_cdc.o(i.USBD_CDC_DataIn)
    USBD_CDC_DataIn                          0x08003d29   Thumb Code   118  usbd_cdc.o(i.USBD_CDC_DataIn)
    i.USBD_CDC_DataOut                       0x08003d9e   Section        0  usbd_cdc.o(i.USBD_CDC_DataOut)
    USBD_CDC_DataOut                         0x08003d9f   Thumb Code    60  usbd_cdc.o(i.USBD_CDC_DataOut)
    i.USBD_CDC_DeInit                        0x08003ddc   Section        0  usbd_cdc.o(i.USBD_CDC_DeInit)
    USBD_CDC_DeInit                          0x08003ddd   Thumb Code   140  usbd_cdc.o(i.USBD_CDC_DeInit)
    i.USBD_CDC_EP0_RxReady                   0x08003e6c   Section        0  usbd_cdc.o(i.USBD_CDC_EP0_RxReady)
    USBD_CDC_EP0_RxReady                     0x08003e6d   Thumb Code    54  usbd_cdc.o(i.USBD_CDC_EP0_RxReady)
    i.USBD_CDC_GetDeviceQualifierDescriptor  0x08003ea4   Section        0  usbd_cdc.o(i.USBD_CDC_GetDeviceQualifierDescriptor)
    i.USBD_CDC_GetFSCfgDesc                  0x08003eb0   Section        0  usbd_cdc.o(i.USBD_CDC_GetFSCfgDesc)
    USBD_CDC_GetFSCfgDesc                    0x08003eb1   Thumb Code    58  usbd_cdc.o(i.USBD_CDC_GetFSCfgDesc)
    i.USBD_CDC_GetHSCfgDesc                  0x08003ef0   Section        0  usbd_cdc.o(i.USBD_CDC_GetHSCfgDesc)
    USBD_CDC_GetHSCfgDesc                    0x08003ef1   Thumb Code    58  usbd_cdc.o(i.USBD_CDC_GetHSCfgDesc)
    i.USBD_CDC_GetOtherSpeedCfgDesc          0x08003f30   Section        0  usbd_cdc.o(i.USBD_CDC_GetOtherSpeedCfgDesc)
    USBD_CDC_GetOtherSpeedCfgDesc            0x08003f31   Thumb Code    58  usbd_cdc.o(i.USBD_CDC_GetOtherSpeedCfgDesc)
    i.USBD_CDC_Init                          0x08003f70   Section        0  usbd_cdc.o(i.USBD_CDC_Init)
    USBD_CDC_Init                            0x08003f71   Thumb Code   280  usbd_cdc.o(i.USBD_CDC_Init)
    i.USBD_CDC_ReceivePacket                 0x0800408c   Section        0  usbd_cdc.o(i.USBD_CDC_ReceivePacket)
    i.USBD_CDC_RegisterInterface             0x080040c4   Section        0  usbd_cdc.o(i.USBD_CDC_RegisterInterface)
    i.USBD_CDC_SetRxBuffer                   0x080040da   Section        0  usbd_cdc.o(i.USBD_CDC_SetRxBuffer)
    i.USBD_CDC_SetTxBuffer                   0x080040f4   Section        0  usbd_cdc.o(i.USBD_CDC_SetTxBuffer)
    i.USBD_CDC_Setup                         0x08004112   Section        0  usbd_cdc.o(i.USBD_CDC_Setup)
    USBD_CDC_Setup                           0x08004113   Thumb Code   206  usbd_cdc.o(i.USBD_CDC_Setup)
    i.USBD_CDC_TransmitPacket                0x080041e0   Section        0  usbd_cdc.o(i.USBD_CDC_TransmitPacket)
    i.USBD_ClrClassConfig                    0x08004230   Section        0  usbd_core.o(i.USBD_ClrClassConfig)
    i.USBD_CoreFindEP                        0x08004244   Section        0  usbd_core.o(i.USBD_CoreFindEP)
    i.USBD_CoreFindIF                        0x08004248   Section        0  usbd_core.o(i.USBD_CoreFindIF)
    i.USBD_CtlContinueRx                     0x0800424c   Section        0  usbd_ioreq.o(i.USBD_CtlContinueRx)
    i.USBD_CtlContinueSendData               0x0800425c   Section        0  usbd_ioreq.o(i.USBD_CtlContinueSendData)
    i.USBD_CtlError                          0x0800426c   Section        0  usbd_ctlreq.o(i.USBD_CtlError)
    i.USBD_CtlPrepareRx                      0x08004282   Section        0  usbd_ioreq.o(i.USBD_CtlPrepareRx)
    i.USBD_CtlReceiveStatus                  0x080042a0   Section        0  usbd_ioreq.o(i.USBD_CtlReceiveStatus)
    i.USBD_CtlSendData                       0x080042b6   Section        0  usbd_ioreq.o(i.USBD_CtlSendData)
    i.USBD_CtlSendStatus                     0x080042d0   Section        0  usbd_ioreq.o(i.USBD_CtlSendStatus)
    i.USBD_GetDescriptor                     0x080042e6   Section        0  usbd_ctlreq.o(i.USBD_GetDescriptor)
    USBD_GetDescriptor                       0x080042e7   Thumb Code   250  usbd_ctlreq.o(i.USBD_GetDescriptor)
    i.USBD_GetEpDesc                         0x080043e0   Section        0  usbd_core.o(i.USBD_GetEpDesc)
    i.USBD_GetNextDesc                       0x0800441a   Section        0  usbd_core.o(i.USBD_GetNextDesc)
    i.USBD_GetString                         0x08004428   Section        0  usbd_ctlreq.o(i.USBD_GetString)
    i.USBD_Get_USB_Status                    0x08004472   Section        0  usbd_conf.o(i.USBD_Get_USB_Status)
    i.USBD_HS_ConfigStrDescriptor            0x0800448c   Section        0  usbd_desc.o(i.USBD_HS_ConfigStrDescriptor)
    i.USBD_HS_DeviceDescriptor               0x080044ac   Section        0  usbd_desc.o(i.USBD_HS_DeviceDescriptor)
    i.USBD_HS_InterfaceStrDescriptor         0x080044b8   Section        0  usbd_desc.o(i.USBD_HS_InterfaceStrDescriptor)
    i.USBD_HS_LangIDStrDescriptor            0x080044dc   Section        0  usbd_desc.o(i.USBD_HS_LangIDStrDescriptor)
    i.USBD_HS_ManufacturerStrDescriptor      0x080044e8   Section        0  usbd_desc.o(i.USBD_HS_ManufacturerStrDescriptor)
    i.USBD_HS_ProductStrDescriptor           0x08004510   Section        0  usbd_desc.o(i.USBD_HS_ProductStrDescriptor)
    i.USBD_HS_SerialStrDescriptor            0x0800453c   Section        0  usbd_desc.o(i.USBD_HS_SerialStrDescriptor)
    i.USBD_Init                              0x08004578   Section        0  usbd_core.o(i.USBD_Init)
    i.USBD_LL_ClearStallEP                   0x0800459e   Section        0  usbd_conf.o(i.USBD_LL_ClearStallEP)
    i.USBD_LL_CloseEP                        0x080045b0   Section        0  usbd_conf.o(i.USBD_LL_CloseEP)
    i.USBD_LL_DataInStage                    0x080045c2   Section        0  usbd_core.o(i.USBD_LL_DataInStage)
    i.USBD_LL_DataOutStage                   0x0800467a   Section        0  usbd_core.o(i.USBD_LL_DataOutStage)
    i.USBD_LL_DevConnected                   0x0800470a   Section        0  usbd_core.o(i.USBD_LL_DevConnected)
    i.USBD_LL_DevDisconnected                0x0800470e   Section        0  usbd_core.o(i.USBD_LL_DevDisconnected)
    i.USBD_LL_GetRxDataSize                  0x0800472e   Section        0  usbd_conf.o(i.USBD_LL_GetRxDataSize)
    i.USBD_LL_Init                           0x08004738   Section        0  usbd_conf.o(i.USBD_LL_Init)
    i.USBD_LL_IsStallEP                      0x080047a4   Section        0  usbd_conf.o(i.USBD_LL_IsStallEP)
    i.USBD_LL_IsoINIncomplete                0x080047c4   Section        0  usbd_core.o(i.USBD_LL_IsoINIncomplete)
    i.USBD_LL_IsoOUTIncomplete               0x080047ec   Section        0  usbd_core.o(i.USBD_LL_IsoOUTIncomplete)
    i.USBD_LL_OpenEP                         0x08004814   Section        0  usbd_conf.o(i.USBD_LL_OpenEP)
    i.USBD_LL_PrepareReceive                 0x0800482c   Section        0  usbd_conf.o(i.USBD_LL_PrepareReceive)
    i.USBD_LL_Reset                          0x0800483e   Section        0  usbd_core.o(i.USBD_LL_Reset)
    i.USBD_LL_Resume                         0x0800489c   Section        0  usbd_core.o(i.USBD_LL_Resume)
    i.USBD_LL_SOF                            0x080048b0   Section        0  usbd_core.o(i.USBD_LL_SOF)
    i.USBD_LL_SetSpeed                       0x080048ca   Section        0  usbd_core.o(i.USBD_LL_SetSpeed)
    i.USBD_LL_SetUSBAddress                  0x080048d0   Section        0  usbd_conf.o(i.USBD_LL_SetUSBAddress)
    i.USBD_LL_SetupStage                     0x080048e2   Section        0  usbd_core.o(i.USBD_LL_SetupStage)
    i.USBD_LL_StallEP                        0x08004942   Section        0  usbd_conf.o(i.USBD_LL_StallEP)
    i.USBD_LL_Start                          0x08004954   Section        0  usbd_conf.o(i.USBD_LL_Start)
    i.USBD_LL_Suspend                        0x08004966   Section        0  usbd_core.o(i.USBD_LL_Suspend)
    i.USBD_LL_Transmit                       0x08004980   Section        0  usbd_conf.o(i.USBD_LL_Transmit)
    i.USBD_ParseSetupRequest                 0x08004992   Section        0  usbd_ctlreq.o(i.USBD_ParseSetupRequest)
    i.USBD_RegisterClass                     0x080049bc   Section        0  usbd_core.o(i.USBD_RegisterClass)
    i.USBD_SetClassConfig                    0x080049f6   Section        0  usbd_core.o(i.USBD_SetClassConfig)
    i.USBD_SetConfig                         0x08004a0c   Section        0  usbd_ctlreq.o(i.USBD_SetConfig)
    USBD_SetConfig                           0x08004a0d   Thumb Code   182  usbd_ctlreq.o(i.USBD_SetConfig)
    i.USBD_Start                             0x08004ac8   Section        0  usbd_core.o(i.USBD_Start)
    i.USBD_StdDevReq                         0x08004acc   Section        0  usbd_ctlreq.o(i.USBD_StdDevReq)
    i.USBD_StdEPReq                          0x08004bfa   Section        0  usbd_ctlreq.o(i.USBD_StdEPReq)
    i.USBD_StdItfReq                         0x08004d5e   Section        0  usbd_ctlreq.o(i.USBD_StdItfReq)
    i.USBD_static_free                       0x08004dd2   Section        0  usbd_conf.o(i.USBD_static_free)
    i.USBD_static_malloc                     0x08004dd4   Section        0  usbd_conf.o(i.USBD_static_malloc)
    i.USB_ActivateEndpoint                   0x08004ddc   Section        0  stm32h7xx_ll_usb.o(i.USB_ActivateEndpoint)
    i.USB_ActivateSetup                      0x08004e5c   Section        0  stm32h7xx_ll_usb.o(i.USB_ActivateSetup)
    i.USB_CoreInit                           0x08004e78   Section        0  stm32h7xx_ll_usb.o(i.USB_CoreInit)
    i.USB_CoreReset                          0x08004f00   Section        0  stm32h7xx_ll_usb.o(i.USB_CoreReset)
    USB_CoreReset                            0x08004f01   Thumb Code    58  stm32h7xx_ll_usb.o(i.USB_CoreReset)
    i.USB_DeactivateEndpoint                 0x08004f40   Section        0  stm32h7xx_ll_usb.o(i.USB_DeactivateEndpoint)
    i.USB_DevConnect                         0x0800500c   Section        0  stm32h7xx_ll_usb.o(i.USB_DevConnect)
    i.USB_DevDisconnect                      0x08005028   Section        0  stm32h7xx_ll_usb.o(i.USB_DevDisconnect)
    i.USB_DevInit                            0x08005044   Section        0  stm32h7xx_ll_usb.o(i.USB_DevInit)
    i.USB_DisableGlobalInt                   0x080051bc   Section        0  stm32h7xx_ll_usb.o(i.USB_DisableGlobalInt)
    i.USB_EP0_OutStart                       0x080051c8   Section        0  stm32h7xx_ll_usb.o(i.USB_EP0_OutStart)
    i.USB_EPClearStall                       0x08005220   Section        0  stm32h7xx_ll_usb.o(i.USB_EPClearStall)
    i.USB_EPSetStall                         0x08005278   Section        0  stm32h7xx_ll_usb.o(i.USB_EPSetStall)
    i.USB_EPStartXfer                        0x080052d0   Section        0  stm32h7xx_ll_usb.o(i.USB_EPStartXfer)
    i.USB_EPStopXfer                         0x08005508   Section        0  stm32h7xx_ll_usb.o(i.USB_EPStopXfer)
    i.USB_EnableGlobalInt                    0x080055a6   Section        0  stm32h7xx_ll_usb.o(i.USB_EnableGlobalInt)
    i.USB_FlushRxFifo                        0x080055b4   Section        0  stm32h7xx_ll_usb.o(i.USB_FlushRxFifo)
    i.USB_FlushTxFifo                        0x080055f0   Section        0  stm32h7xx_ll_usb.o(i.USB_FlushTxFifo)
    i.USB_GetDevSpeed                        0x08005630   Section        0  stm32h7xx_ll_usb.o(i.USB_GetDevSpeed)
    i.USB_GetMode                            0x0800564a   Section        0  stm32h7xx_ll_usb.o(i.USB_GetMode)
    i.USB_ReadDevAllInEpInterrupt            0x08005652   Section        0  stm32h7xx_ll_usb.o(i.USB_ReadDevAllInEpInterrupt)
    i.USB_ReadDevAllOutEpInterrupt           0x08005660   Section        0  stm32h7xx_ll_usb.o(i.USB_ReadDevAllOutEpInterrupt)
    i.USB_ReadDevInEPInterrupt               0x0800566e   Section        0  stm32h7xx_ll_usb.o(i.USB_ReadDevInEPInterrupt)
    i.USB_ReadDevOutEPInterrupt              0x08005692   Section        0  stm32h7xx_ll_usb.o(i.USB_ReadDevOutEPInterrupt)
    i.USB_ReadInterrupts                     0x080056a2   Section        0  stm32h7xx_ll_usb.o(i.USB_ReadInterrupts)
    i.USB_ReadPacket                         0x080056aa   Section        0  stm32h7xx_ll_usb.o(i.USB_ReadPacket)
    i.USB_SetCurrentMode                     0x080056ea   Section        0  stm32h7xx_ll_usb.o(i.USB_SetCurrentMode)
    i.USB_SetDevAddress                      0x08005748   Section        0  stm32h7xx_ll_usb.o(i.USB_SetDevAddress)
    i.USB_SetTurnaroundTime                  0x0800576c   Section        0  stm32h7xx_ll_usb.o(i.USB_SetTurnaroundTime)
    i.USB_WritePacket                        0x08005854   Section        0  stm32h7xx_ll_usb.o(i.USB_WritePacket)
    i.UsageFault_Handler                     0x0800587c   Section        0  stm32h7xx_it.o(i.UsageFault_Handler)
    i.__NVIC_SetPriority                     0x0800587e   Section        0  stm32h7xx_hal_cortex.o(i.__NVIC_SetPriority)
    __NVIC_SetPriority                       0x0800587f   Thumb Code    34  stm32h7xx_hal_cortex.o(i.__NVIC_SetPriority)
    i.__scatterload_copy                     0x080058a0   Section       14  handlers.o(i.__scatterload_copy)
    i.__scatterload_null                     0x080058ae   Section        2  handlers.o(i.__scatterload_null)
    i.__scatterload_zeroinit                 0x080058b0   Section       14  handlers.o(i.__scatterload_zeroinit)
    i.main                                   0x080058c0   Section        0  main.o(i.main)
    .constdata                               0x08005930   Section       24  stm32h7xx_hal_uart.o(.constdata)
    .constdata                               0x08005948   Section       16  stm32h7xx_hal_uart_ex.o(.constdata)
    numerator                                0x08005948   Data           8  stm32h7xx_hal_uart_ex.o(.constdata)
    denominator                              0x08005950   Data           8  stm32h7xx_hal_uart_ex.o(.constdata)
    .constdata                               0x08005958   Section       16  system_stm32h7xx.o(.constdata)
    .data                                    0x24000000   Section       12  stm32h7xx_hal.o(.data)
    .data                                    0x2400000c   Section        8  system_stm32h7xx.o(.data)
    .data                                    0x24000014   Section       32  usbd_desc.o(.data)
    .data                                    0x24000034   Section       62  usbd_desc.o(.data)
    .data                                    0x24000074   Section       20  usbd_cdc_if.o(.data)
    .data                                    0x24000088   Section        1  usbd_ctlreq.o(.data)
    cfgidx                                   0x24000088   Data           1  usbd_ctlreq.o(.data)
    .data                                    0x2400008c   Section       83  usbd_cdc.o(.data)
    CDCInEpAdd                               0x2400008c   Data           1  usbd_cdc.o(.data)
    CDCOutEpAdd                              0x2400008d   Data           1  usbd_cdc.o(.data)
    CDCCmdEpAdd                              0x2400008e   Data           1  usbd_cdc.o(.data)
    USBD_CDC_DeviceQualifierDesc             0x24000090   Data          10  usbd_cdc.o(.data)
    USBD_CDC_CfgDesc                         0x2400009c   Data          67  usbd_cdc.o(.data)
    .data                                    0x240000e0   Section       56  usbd_cdc.o(.data)
    .bss                                     0x24000118   Section      320  main.o(.bss)
    .bss                                     0x24000258   Section      732  usb_device.o(.bss)
    .bss                                     0x24000534   Section      512  usbd_desc.o(.bss)
    .bss                                     0x24000734   Section     4096  usbd_cdc_if.o(.bss)
    .bss                                     0x24001734   Section     1580  usbd_conf.o(.bss)
    mem                                      0x24001734   Data         288  usbd_conf.o(.bss)
    STACK                                    0x24001d60   Section     1024  startup_stm32h723xx.o(STACK)

    Global Symbols

    Symbol Name                              Value     Ov Type        Size  Object(Section)

    BuildAttributes$$THM_ISAv4$E$P$D$K$B$S$7EM$VFPv5_D16$PE$PLD8$A:L22UL41UL21$X:L11$S22US41US21$IEEE1$IW$USESV6$~STKCKD$USESV7$~SHL$OSPACE$ROPI$EBA8$MICROLIB$REQ8$PRES8$EABIv2 0x00000000   Number         0  anon$$obj.o ABSOLUTE
    __ARM_use_no_argv                        0x00000000   Number         0  main.o ABSOLUTE
    _printf_a                                0x00000000   Number         0  stubs.o ABSOLUTE
    _printf_c                                0x00000000   Number         0  stubs.o ABSOLUTE
    _printf_charcount                        0x00000000   Number         0  stubs.o ABSOLUTE
    _printf_d                                0x00000000   Number         0  stubs.o ABSOLUTE
    _printf_e                                0x00000000   Number         0  stubs.o ABSOLUTE
    _printf_f                                0x00000000   Number         0  stubs.o ABSOLUTE
    _printf_flags                            0x00000000   Number         0  stubs.o ABSOLUTE
    _printf_fp_dec                           0x00000000   Number         0  stubs.o ABSOLUTE
    _printf_fp_hex                           0x00000000   Number         0  stubs.o ABSOLUTE
    _printf_g                                0x00000000   Number         0  stubs.o ABSOLUTE
    _printf_i                                0x00000000   Number         0  stubs.o ABSOLUTE
    _printf_int_dec                          0x00000000   Number         0  stubs.o ABSOLUTE
    _printf_l                                0x00000000   Number         0  stubs.o ABSOLUTE
    _printf_lc                               0x00000000   Number         0  stubs.o ABSOLUTE
    _printf_ll                               0x00000000   Number         0  stubs.o ABSOLUTE
    _printf_lld                              0x00000000   Number         0  stubs.o ABSOLUTE
    _printf_lli                              0x00000000   Number         0  stubs.o ABSOLUTE
    _printf_llo                              0x00000000   Number         0  stubs.o ABSOLUTE
    _printf_llu                              0x00000000   Number         0  stubs.o ABSOLUTE
    _printf_llx                              0x00000000   Number         0  stubs.o ABSOLUTE
    _printf_longlong_dec                     0x00000000   Number         0  stubs.o ABSOLUTE
    _printf_longlong_hex                     0x00000000   Number         0  stubs.o ABSOLUTE
    _printf_longlong_oct                     0x00000000   Number         0  stubs.o ABSOLUTE
    _printf_ls                               0x00000000   Number         0  stubs.o ABSOLUTE
    _printf_mbtowc                           0x00000000   Number         0  stubs.o ABSOLUTE
    _printf_n                                0x00000000   Number         0  stubs.o ABSOLUTE
    _printf_o                                0x00000000   Number         0  stubs.o ABSOLUTE
    _printf_p                                0x00000000   Number         0  stubs.o ABSOLUTE
    _printf_percent                          0x00000000   Number         0  stubs.o ABSOLUTE
    _printf_pre_padding                      0x00000000   Number         0  stubs.o ABSOLUTE
    _printf_return_value                     0x00000000   Number         0  stubs.o ABSOLUTE
    _printf_s                                0x00000000   Number         0  stubs.o ABSOLUTE
    _printf_sizespec                         0x00000000   Number         0  stubs.o ABSOLUTE
    _printf_str                              0x00000000   Number         0  stubs.o ABSOLUTE
    _printf_truncate_signed                  0x00000000   Number         0  stubs.o ABSOLUTE
    _printf_truncate_unsigned                0x00000000   Number         0  stubs.o ABSOLUTE
    _printf_u                                0x00000000   Number         0  stubs.o ABSOLUTE
    _printf_wc                               0x00000000   Number         0  stubs.o ABSOLUTE
    _printf_wctomb                           0x00000000   Number         0  stubs.o ABSOLUTE
    _printf_widthprec                        0x00000000   Number         0  stubs.o ABSOLUTE
    _printf_x                                0x00000000   Number         0  stubs.o ABSOLUTE
    __cpp_initialize__aeabi_                  - Undefined Weak Reference
    __cxa_finalize                            - Undefined Weak Reference
    __decompress                              - Undefined Weak Reference
    _clock_init                               - Undefined Weak Reference
    _microlib_exit                            - Undefined Weak Reference
    __Vectors_Size                           0x000002cc   Number         0  startup_stm32h723xx.o ABSOLUTE
    __Vectors                                0x08000000   Data           4  startup_stm32h723xx.o(RESET)
    __Vectors_End                            0x080002cc   Data           0  startup_stm32h723xx.o(RESET)
    __main                                   0x080002cd   Thumb Code     0  entry.o(.ARM.Collect$$$$00000000)
    _main_stk                                0x080002cd   Thumb Code     0  entry2.o(.ARM.Collect$$$$00000001)
    _main_scatterload                        0x080002d1   Thumb Code     0  entry5.o(.ARM.Collect$$$$00000004)
    __main_after_scatterload                 0x080002d5   Thumb Code     0  entry5.o(.ARM.Collect$$$$00000004)
    _main_clock                              0x080002d5   Thumb Code     0  entry7b.o(.ARM.Collect$$$$00000008)
    _main_cpp_init                           0x080002d5   Thumb Code     0  entry8b.o(.ARM.Collect$$$$0000000A)
    _main_init                               0x080002d5   Thumb Code     0  entry9a.o(.ARM.Collect$$$$0000000B)
    __rt_final_cpp                           0x080002dd   Thumb Code     0  entry10a.o(.ARM.Collect$$$$0000000D)
    __rt_final_exit                          0x080002dd   Thumb Code     0  entry11a.o(.ARM.Collect$$$$0000000F)
    Reset_Handler                            0x080002e1   Thumb Code     8  startup_stm32h723xx.o(.text)
    ADC3_IRQHandler                          0x080002fb   Thumb Code     0  startup_stm32h723xx.o(.text)
    ADC_IRQHandler                           0x080002fb   Thumb Code     0  startup_stm32h723xx.o(.text)
    BDMA_Channel0_IRQHandler                 0x080002fb   Thumb Code     0  startup_stm32h723xx.o(.text)
    BDMA_Channel1_IRQHandler                 0x080002fb   Thumb Code     0  startup_stm32h723xx.o(.text)
    BDMA_Channel2_IRQHandler                 0x080002fb   Thumb Code     0  startup_stm32h723xx.o(.text)
    BDMA_Channel3_IRQHandler                 0x080002fb   Thumb Code     0  startup_stm32h723xx.o(.text)
    BDMA_Channel4_IRQHandler                 0x080002fb   Thumb Code     0  startup_stm32h723xx.o(.text)
    BDMA_Channel5_IRQHandler                 0x080002fb   Thumb Code     0  startup_stm32h723xx.o(.text)
    BDMA_Channel6_IRQHandler                 0x080002fb   Thumb Code     0  startup_stm32h723xx.o(.text)
    BDMA_Channel7_IRQHandler                 0x080002fb   Thumb Code     0  startup_stm32h723xx.o(.text)
    CEC_IRQHandler                           0x080002fb   Thumb Code     0  startup_stm32h723xx.o(.text)
    COMP1_IRQHandler                         0x080002fb   Thumb Code     0  startup_stm32h723xx.o(.text)
    CORDIC_IRQHandler                        0x080002fb   Thumb Code     0  startup_stm32h723xx.o(.text)
    CRS_IRQHandler                           0x080002fb   Thumb Code     0  startup_stm32h723xx.o(.text)
    DCMI_PSSI_IRQHandler                     0x080002fb   Thumb Code     0  startup_stm32h723xx.o(.text)
    DFSDM1_FLT0_IRQHandler                   0x080002fb   Thumb Code     0  startup_stm32h723xx.o(.text)
    DFSDM1_FLT1_IRQHandler                   0x080002fb   Thumb Code     0  startup_stm32h723xx.o(.text)
    DFSDM1_FLT2_IRQHandler                   0x080002fb   Thumb Code     0  startup_stm32h723xx.o(.text)
    DFSDM1_FLT3_IRQHandler                   0x080002fb   Thumb Code     0  startup_stm32h723xx.o(.text)
    DMA1_Stream0_IRQHandler                  0x080002fb   Thumb Code     0  startup_stm32h723xx.o(.text)
    DMA1_Stream1_IRQHandler                  0x080002fb   Thumb Code     0  startup_stm32h723xx.o(.text)
    DMA1_Stream2_IRQHandler                  0x080002fb   Thumb Code     0  startup_stm32h723xx.o(.text)
    DMA1_Stream3_IRQHandler                  0x080002fb   Thumb Code     0  startup_stm32h723xx.o(.text)
    DMA1_Stream4_IRQHandler                  0x080002fb   Thumb Code     0  startup_stm32h723xx.o(.text)
    DMA1_Stream5_IRQHandler                  0x080002fb   Thumb Code     0  startup_stm32h723xx.o(.text)
    DMA1_Stream6_IRQHandler                  0x080002fb   Thumb Code     0  startup_stm32h723xx.o(.text)
    DMA1_Stream7_IRQHandler                  0x080002fb   Thumb Code     0  startup_stm32h723xx.o(.text)
    DMA2D_IRQHandler                         0x080002fb   Thumb Code     0  startup_stm32h723xx.o(.text)
    DMA2_Stream0_IRQHandler                  0x080002fb   Thumb Code     0  startup_stm32h723xx.o(.text)
    DMA2_Stream1_IRQHandler                  0x080002fb   Thumb Code     0  startup_stm32h723xx.o(.text)
    DMA2_Stream2_IRQHandler                  0x080002fb   Thumb Code     0  startup_stm32h723xx.o(.text)
    DMA2_Stream3_IRQHandler                  0x080002fb   Thumb Code     0  startup_stm32h723xx.o(.text)
    DMA2_Stream4_IRQHandler                  0x080002fb   Thumb Code     0  startup_stm32h723xx.o(.text)
    DMA2_Stream5_IRQHandler                  0x080002fb   Thumb Code     0  startup_stm32h723xx.o(.text)
    DMA2_Stream6_IRQHandler                  0x080002fb   Thumb Code     0  startup_stm32h723xx.o(.text)
    DMA2_Stream7_IRQHandler                  0x080002fb   Thumb Code     0  startup_stm32h723xx.o(.text)
    DMAMUX1_OVR_IRQHandler                   0x080002fb   Thumb Code     0  startup_stm32h723xx.o(.text)
    DMAMUX2_OVR_IRQHandler                   0x080002fb   Thumb Code     0  startup_stm32h723xx.o(.text)
    DTS_IRQHandler                           0x080002fb   Thumb Code     0  startup_stm32h723xx.o(.text)
    ECC_IRQHandler                           0x080002fb   Thumb Code     0  startup_stm32h723xx.o(.text)
    ETH_IRQHandler                           0x080002fb   Thumb Code     0  startup_stm32h723xx.o(.text)
    ETH_WKUP_IRQHandler                      0x080002fb   Thumb Code     0  startup_stm32h723xx.o(.text)
    EXTI0_IRQHandler                         0x080002fb   Thumb Code     0  startup_stm32h723xx.o(.text)
    EXTI15_10_IRQHandler                     0x080002fb   Thumb Code     0  startup_stm32h723xx.o(.text)
    EXTI1_IRQHandler                         0x080002fb   Thumb Code     0  startup_stm32h723xx.o(.text)
    EXTI2_IRQHandler                         0x080002fb   Thumb Code     0  startup_stm32h723xx.o(.text)
    EXTI3_IRQHandler                         0x080002fb   Thumb Code     0  startup_stm32h723xx.o(.text)
    EXTI4_IRQHandler                         0x080002fb   Thumb Code     0  startup_stm32h723xx.o(.text)
    EXTI9_5_IRQHandler                       0x080002fb   Thumb Code     0  startup_stm32h723xx.o(.text)
    FDCAN1_IT0_IRQHandler                    0x080002fb   Thumb Code     0  startup_stm32h723xx.o(.text)
    FDCAN1_IT1_IRQHandler                    0x080002fb   Thumb Code     0  startup_stm32h723xx.o(.text)
    FDCAN2_IT0_IRQHandler                    0x080002fb   Thumb Code     0  startup_stm32h723xx.o(.text)
    FDCAN2_IT1_IRQHandler                    0x080002fb   Thumb Code     0  startup_stm32h723xx.o(.text)
    FDCAN3_IT0_IRQHandler                    0x080002fb   Thumb Code     0  startup_stm32h723xx.o(.text)
    FDCAN3_IT1_IRQHandler                    0x080002fb   Thumb Code     0  startup_stm32h723xx.o(.text)
    FDCAN_CAL_IRQHandler                     0x080002fb   Thumb Code     0  startup_stm32h723xx.o(.text)
    FLASH_IRQHandler                         0x080002fb   Thumb Code     0  startup_stm32h723xx.o(.text)
    FMAC_IRQHandler                          0x080002fb   Thumb Code     0  startup_stm32h723xx.o(.text)
    FMC_IRQHandler                           0x080002fb   Thumb Code     0  startup_stm32h723xx.o(.text)
    FPU_IRQHandler                           0x080002fb   Thumb Code     0  startup_stm32h723xx.o(.text)
    HSEM1_IRQHandler                         0x080002fb   Thumb Code     0  startup_stm32h723xx.o(.text)
    I2C1_ER_IRQHandler                       0x080002fb   Thumb Code     0  startup_stm32h723xx.o(.text)
    I2C1_EV_IRQHandler                       0x080002fb   Thumb Code     0  startup_stm32h723xx.o(.text)
    I2C2_ER_IRQHandler                       0x080002fb   Thumb Code     0  startup_stm32h723xx.o(.text)
    I2C2_EV_IRQHandler                       0x080002fb   Thumb Code     0  startup_stm32h723xx.o(.text)
    I2C3_ER_IRQHandler                       0x080002fb   Thumb Code     0  startup_stm32h723xx.o(.text)
    I2C3_EV_IRQHandler                       0x080002fb   Thumb Code     0  startup_stm32h723xx.o(.text)
    I2C4_ER_IRQHandler                       0x080002fb   Thumb Code     0  startup_stm32h723xx.o(.text)
    I2C4_EV_IRQHandler                       0x080002fb   Thumb Code     0  startup_stm32h723xx.o(.text)
    I2C5_ER_IRQHandler                       0x080002fb   Thumb Code     0  startup_stm32h723xx.o(.text)
    I2C5_EV_IRQHandler                       0x080002fb   Thumb Code     0  startup_stm32h723xx.o(.text)
    LPTIM1_IRQHandler                        0x080002fb   Thumb Code     0  startup_stm32h723xx.o(.text)
    LPTIM2_IRQHandler                        0x080002fb   Thumb Code     0  startup_stm32h723xx.o(.text)
    LPTIM3_IRQHandler                        0x080002fb   Thumb Code     0  startup_stm32h723xx.o(.text)
    LPTIM4_IRQHandler                        0x080002fb   Thumb Code     0  startup_stm32h723xx.o(.text)
    LPTIM5_IRQHandler                        0x080002fb   Thumb Code     0  startup_stm32h723xx.o(.text)
    LPUART1_IRQHandler                       0x080002fb   Thumb Code     0  startup_stm32h723xx.o(.text)
    LTDC_ER_IRQHandler                       0x080002fb   Thumb Code     0  startup_stm32h723xx.o(.text)
    LTDC_IRQHandler                          0x080002fb   Thumb Code     0  startup_stm32h723xx.o(.text)
    MDIOS_IRQHandler                         0x080002fb   Thumb Code     0  startup_stm32h723xx.o(.text)
    MDIOS_WKUP_IRQHandler                    0x080002fb   Thumb Code     0  startup_stm32h723xx.o(.text)
    MDMA_IRQHandler                          0x080002fb   Thumb Code     0  startup_stm32h723xx.o(.text)
    OCTOSPI1_IRQHandler                      0x080002fb   Thumb Code     0  startup_stm32h723xx.o(.text)
    OCTOSPI2_IRQHandler                      0x080002fb   Thumb Code     0  startup_stm32h723xx.o(.text)
    OTG_HS_WKUP_IRQHandler                   0x080002fb   Thumb Code     0  startup_stm32h723xx.o(.text)
    PVD_AVD_IRQHandler                       0x080002fb   Thumb Code     0  startup_stm32h723xx.o(.text)
    RCC_IRQHandler                           0x080002fb   Thumb Code     0  startup_stm32h723xx.o(.text)
    RNG_IRQHandler                           0x080002fb   Thumb Code     0  startup_stm32h723xx.o(.text)
    RTC_Alarm_IRQHandler                     0x080002fb   Thumb Code     0  startup_stm32h723xx.o(.text)
    RTC_WKUP_IRQHandler                      0x080002fb   Thumb Code     0  startup_stm32h723xx.o(.text)
    SAI1_IRQHandler                          0x080002fb   Thumb Code     0  startup_stm32h723xx.o(.text)
    SAI4_IRQHandler                          0x080002fb   Thumb Code     0  startup_stm32h723xx.o(.text)
    SDMMC1_IRQHandler                        0x080002fb   Thumb Code     0  startup_stm32h723xx.o(.text)
    SDMMC2_IRQHandler                        0x080002fb   Thumb Code     0  startup_stm32h723xx.o(.text)
    SPDIF_RX_IRQHandler                      0x080002fb   Thumb Code     0  startup_stm32h723xx.o(.text)
    SPI1_IRQHandler                          0x080002fb   Thumb Code     0  startup_stm32h723xx.o(.text)
    SPI2_IRQHandler                          0x080002fb   Thumb Code     0  startup_stm32h723xx.o(.text)
    SPI3_IRQHandler                          0x080002fb   Thumb Code     0  startup_stm32h723xx.o(.text)
    SPI4_IRQHandler                          0x080002fb   Thumb Code     0  startup_stm32h723xx.o(.text)
    SPI5_IRQHandler                          0x080002fb   Thumb Code     0  startup_stm32h723xx.o(.text)
    SPI6_IRQHandler                          0x080002fb   Thumb Code     0  startup_stm32h723xx.o(.text)
    SWPMI1_IRQHandler                        0x080002fb   Thumb Code     0  startup_stm32h723xx.o(.text)
    TAMP_STAMP_IRQHandler                    0x080002fb   Thumb Code     0  startup_stm32h723xx.o(.text)
    TIM15_IRQHandler                         0x080002fb   Thumb Code     0  startup_stm32h723xx.o(.text)
    TIM16_IRQHandler                         0x080002fb   Thumb Code     0  startup_stm32h723xx.o(.text)
    TIM17_IRQHandler                         0x080002fb   Thumb Code     0  startup_stm32h723xx.o(.text)
    TIM1_BRK_IRQHandler                      0x080002fb   Thumb Code     0  startup_stm32h723xx.o(.text)
    TIM1_CC_IRQHandler                       0x080002fb   Thumb Code     0  startup_stm32h723xx.o(.text)
    TIM1_TRG_COM_IRQHandler                  0x080002fb   Thumb Code     0  startup_stm32h723xx.o(.text)
    TIM1_UP_IRQHandler                       0x080002fb   Thumb Code     0  startup_stm32h723xx.o(.text)
    TIM23_IRQHandler                         0x080002fb   Thumb Code     0  startup_stm32h723xx.o(.text)
    TIM24_IRQHandler                         0x080002fb   Thumb Code     0  startup_stm32h723xx.o(.text)
    TIM2_IRQHandler                          0x080002fb   Thumb Code     0  startup_stm32h723xx.o(.text)
    TIM3_IRQHandler                          0x080002fb   Thumb Code     0  startup_stm32h723xx.o(.text)
    TIM4_IRQHandler                          0x080002fb   Thumb Code     0  startup_stm32h723xx.o(.text)
    TIM5_IRQHandler                          0x080002fb   Thumb Code     0  startup_stm32h723xx.o(.text)
    TIM6_DAC_IRQHandler                      0x080002fb   Thumb Code     0  startup_stm32h723xx.o(.text)
    TIM7_IRQHandler                          0x080002fb   Thumb Code     0  startup_stm32h723xx.o(.text)
    TIM8_BRK_TIM12_IRQHandler                0x080002fb   Thumb Code     0  startup_stm32h723xx.o(.text)
    TIM8_CC_IRQHandler                       0x080002fb   Thumb Code     0  startup_stm32h723xx.o(.text)
    TIM8_TRG_COM_TIM14_IRQHandler            0x080002fb   Thumb Code     0  startup_stm32h723xx.o(.text)
    TIM8_UP_TIM13_IRQHandler                 0x080002fb   Thumb Code     0  startup_stm32h723xx.o(.text)
    UART4_IRQHandler                         0x080002fb   Thumb Code     0  startup_stm32h723xx.o(.text)
    UART5_IRQHandler                         0x080002fb   Thumb Code     0  startup_stm32h723xx.o(.text)
    UART7_IRQHandler                         0x080002fb   Thumb Code     0  startup_stm32h723xx.o(.text)
    UART8_IRQHandler                         0x080002fb   Thumb Code     0  startup_stm32h723xx.o(.text)
    UART9_IRQHandler                         0x080002fb   Thumb Code     0  startup_stm32h723xx.o(.text)
    USART10_IRQHandler                       0x080002fb   Thumb Code     0  startup_stm32h723xx.o(.text)
    USART1_IRQHandler                        0x080002fb   Thumb Code     0  startup_stm32h723xx.o(.text)
    USART2_IRQHandler                        0x080002fb   Thumb Code     0  startup_stm32h723xx.o(.text)
    USART3_IRQHandler                        0x080002fb   Thumb Code     0  startup_stm32h723xx.o(.text)
    USART6_IRQHandler                        0x080002fb   Thumb Code     0  startup_stm32h723xx.o(.text)
    WAKEUP_PIN_IRQHandler                    0x080002fb   Thumb Code     0  startup_stm32h723xx.o(.text)
    WWDG_IRQHandler                          0x080002fb   Thumb Code     0  startup_stm32h723xx.o(.text)
    __aeabi_uldivmod                         0x08000305   Thumb Code    98  uldiv.o(.text)
    __aeabi_memcpy                           0x08000367   Thumb Code    36  memcpya.o(.text)
    __aeabi_memcpy4                          0x08000367   Thumb Code     0  memcpya.o(.text)
    __aeabi_memcpy8                          0x08000367   Thumb Code     0  memcpya.o(.text)
    __aeabi_memset                           0x0800038b   Thumb Code    14  memseta.o(.text)
    __aeabi_memset4                          0x0800038b   Thumb Code     0  memseta.o(.text)
    __aeabi_memset8                          0x0800038b   Thumb Code     0  memseta.o(.text)
    __aeabi_memclr                           0x08000399   Thumb Code     4  memseta.o(.text)
    __aeabi_memclr4                          0x08000399   Thumb Code     0  memseta.o(.text)
    __aeabi_memclr8                          0x08000399   Thumb Code     0  memseta.o(.text)
    _memset$wrapper                          0x0800039d   Thumb Code    18  memseta.o(.text)
    __aeabi_llsl                             0x080003af   Thumb Code    30  llshl.o(.text)
    _ll_shift_l                              0x080003af   Thumb Code     0  llshl.o(.text)
    __aeabi_llsr                             0x080003cd   Thumb Code    32  llushr.o(.text)
    _ll_ushift_r                             0x080003cd   Thumb Code     0  llushr.o(.text)
    __scatterload                            0x080003ed   Thumb Code    28  init.o(.text)
    __scatterload_rt2                        0x080003ed   Thumb Code     0  init.o(.text)
    BusFault_Handler                         0x08000411   Thumb Code     2  stm32h7xx_it.o(i.BusFault_Handler)
    CDC_Transmit_HS                          0x0800045d   Thumb Code    22  usbd_cdc_if.o(i.CDC_Transmit_HS)
    DebugMon_Handler                         0x08000479   Thumb Code     2  stm32h7xx_it.o(i.DebugMon_Handler)
    Error_Handler                            0x0800047b   Thumb Code     4  main.o(i.Error_Handler)
    HAL_Delay                                0x08000481   Thumb Code    32  stm32h7xx_hal.o(i.HAL_Delay)
    HAL_GPIO_Init                            0x080004a5   Thumb Code   496  stm32h7xx_hal_gpio.o(i.HAL_GPIO_Init)
    HAL_GPIO_WritePin                        0x080006c1   Thumb Code    10  stm32h7xx_hal_gpio.o(i.HAL_GPIO_WritePin)
    HAL_GetTick                              0x080006cd   Thumb Code     6  stm32h7xx_hal.o(i.HAL_GetTick)
    HAL_IncTick                              0x080006d9   Thumb Code    12  stm32h7xx_hal.o(i.HAL_IncTick)
    HAL_Init                                 0x080006e9   Thumb Code    74  stm32h7xx_hal.o(i.HAL_Init)
    HAL_InitTick                             0x08000745   Thumb Code    56  stm32h7xx_hal.o(i.HAL_InitTick)
    HAL_MspInit                              0x08000785   Thumb Code    22  stm32h7xx_hal_msp.o(i.HAL_MspInit)
    HAL_NVIC_EnableIRQ                       0x080007a1   Thumb Code    26  stm32h7xx_hal_cortex.o(i.HAL_NVIC_EnableIRQ)
    HAL_NVIC_SetPriority                     0x080007bd   Thumb Code    60  stm32h7xx_hal_cortex.o(i.HAL_NVIC_SetPriority)
    HAL_NVIC_SetPriorityGrouping             0x080007fd   Thumb Code    28  stm32h7xx_hal_cortex.o(i.HAL_NVIC_SetPriorityGrouping)
    HAL_PCDEx_ActivateLPM                    0x08000821   Thumb Code    34  stm32h7xx_hal_pcd_ex.o(i.HAL_PCDEx_ActivateLPM)
    HAL_PCDEx_LPM_Callback                   0x08000849   Thumb Code     2  stm32h7xx_hal_pcd_ex.o(i.HAL_PCDEx_LPM_Callback)
    HAL_PCDEx_SetRxFiFo                      0x0800084b   Thumb Code     8  stm32h7xx_hal_pcd_ex.o(i.HAL_PCDEx_SetRxFiFo)
    HAL_PCDEx_SetTxFiFo                      0x08000853   Thumb Code    70  stm32h7xx_hal_pcd_ex.o(i.HAL_PCDEx_SetTxFiFo)
    HAL_PCD_ConnectCallback                  0x08000899   Thumb Code     8  usbd_conf.o(i.HAL_PCD_ConnectCallback)
    HAL_PCD_DataInStageCallback              0x080008a1   Thumb Code    18  usbd_conf.o(i.HAL_PCD_DataInStageCallback)
    HAL_PCD_DataOutStageCallback             0x080008b3   Thumb Code    20  usbd_conf.o(i.HAL_PCD_DataOutStageCallback)
    HAL_PCD_DisconnectCallback               0x080008c7   Thumb Code     8  usbd_conf.o(i.HAL_PCD_DisconnectCallback)
    HAL_PCD_EP_Abort                         0x080008cf   Thumb Code    30  stm32h7xx_hal_pcd.o(i.HAL_PCD_EP_Abort)
    HAL_PCD_EP_Close                         0x080008ed   Thumb Code    76  stm32h7xx_hal_pcd.o(i.HAL_PCD_EP_Close)
    HAL_PCD_EP_ClrStall                      0x08000939   Thumb Code    92  stm32h7xx_hal_pcd.o(i.HAL_PCD_EP_ClrStall)
    HAL_PCD_EP_GetRxCount                    0x08000995   Thumb Code    18  stm32h7xx_hal_pcd.o(i.HAL_PCD_EP_GetRxCount)
    HAL_PCD_EP_Open                          0x080009a7   Thumb Code    96  stm32h7xx_hal_pcd.o(i.HAL_PCD_EP_Open)
    HAL_PCD_EP_Receive                       0x08000a07   Thumb Code    52  stm32h7xx_hal_pcd.o(i.HAL_PCD_EP_Receive)
    HAL_PCD_EP_SetStall                      0x08000a3b   Thumb Code   116  stm32h7xx_hal_pcd.o(i.HAL_PCD_EP_SetStall)
    HAL_PCD_EP_Transmit                      0x08000aaf   Thumb Code    52  stm32h7xx_hal_pcd.o(i.HAL_PCD_EP_Transmit)
    HAL_PCD_IRQHandler                       0x08000ae5   Thumb Code  1436  stm32h7xx_hal_pcd.o(i.HAL_PCD_IRQHandler)
    HAL_PCD_ISOINIncompleteCallback          0x08001081   Thumb Code     8  usbd_conf.o(i.HAL_PCD_ISOINIncompleteCallback)
    HAL_PCD_ISOOUTIncompleteCallback         0x08001089   Thumb Code     8  usbd_conf.o(i.HAL_PCD_ISOOUTIncompleteCallback)
    HAL_PCD_Init                             0x08001091   Thumb Code   242  stm32h7xx_hal_pcd.o(i.HAL_PCD_Init)
    HAL_PCD_MspInit                          0x08001185   Thumb Code   194  usbd_conf.o(i.HAL_PCD_MspInit)
    HAL_PCD_ResetCallback                    0x08001255   Thumb Code    44  usbd_conf.o(i.HAL_PCD_ResetCallback)
    HAL_PCD_ResumeCallback                   0x08001281   Thumb Code     8  usbd_conf.o(i.HAL_PCD_ResumeCallback)
    HAL_PCD_SOFCallback                      0x08001289   Thumb Code     8  usbd_conf.o(i.HAL_PCD_SOFCallback)
    HAL_PCD_SetAddress                       0x08001291   Thumb Code    40  stm32h7xx_hal_pcd.o(i.HAL_PCD_SetAddress)
    HAL_PCD_SetupStageCallback               0x080012b9   Thumb Code    14  usbd_conf.o(i.HAL_PCD_SetupStageCallback)
    HAL_PCD_Start                            0x080012c7   Thumb Code    66  stm32h7xx_hal_pcd.o(i.HAL_PCD_Start)
    HAL_PCD_SuspendCallback                  0x08001309   Thumb Code    44  usbd_conf.o(i.HAL_PCD_SuspendCallback)
    HAL_PWREx_ConfigSupply                   0x08001339   Thumb Code    78  stm32h7xx_hal_pwr_ex.o(i.HAL_PWREx_ConfigSupply)
    HAL_PWREx_EnableUSBVoltageDetector       0x0800138d   Thumb Code    12  stm32h7xx_hal_pwr_ex.o(i.HAL_PWREx_EnableUSBVoltageDetector)
    HAL_RCCEx_GetD3PCLK1Freq                 0x0800139d   Thumb Code    26  stm32h7xx_hal_rcc_ex.o(i.HAL_RCCEx_GetD3PCLK1Freq)
    HAL_RCCEx_GetPLL2ClockFreq               0x080013c1   Thumb Code   296  stm32h7xx_hal_rcc_ex.o(i.HAL_RCCEx_GetPLL2ClockFreq)
    HAL_RCCEx_GetPLL3ClockFreq               0x08001505   Thumb Code   296  stm32h7xx_hal_rcc_ex.o(i.HAL_RCCEx_GetPLL3ClockFreq)
    HAL_RCCEx_PeriphCLKConfig                0x08001649   Thumb Code  2362  stm32h7xx_hal_rcc_ex.o(i.HAL_RCCEx_PeriphCLKConfig)
    HAL_RCC_ClockConfig                      0x08001f85   Thumb Code   580  stm32h7xx_hal_rcc.o(i.HAL_RCC_ClockConfig)
    HAL_RCC_GetHCLKFreq                      0x080021e1   Thumb Code    52  stm32h7xx_hal_rcc.o(i.HAL_RCC_GetHCLKFreq)
    HAL_RCC_GetPCLK1Freq                     0x08002225   Thumb Code    26  stm32h7xx_hal_rcc.o(i.HAL_RCC_GetPCLK1Freq)
    HAL_RCC_GetPCLK2Freq                     0x08002249   Thumb Code    26  stm32h7xx_hal_rcc.o(i.HAL_RCC_GetPCLK2Freq)
    HAL_RCC_GetSysClockFreq                  0x0800226d   Thumb Code   278  stm32h7xx_hal_rcc.o(i.HAL_RCC_GetSysClockFreq)
    HAL_RCC_OscConfig                        0x080023a5   Thumb Code  1318  stm32h7xx_hal_rcc.o(i.HAL_RCC_OscConfig)
    HAL_RTC_Init                             0x080028cd   Thumb Code   154  stm32h7xx_hal_rtc.o(i.HAL_RTC_Init)
    HAL_RTC_MspInit                          0x0800296d   Thumb Code    60  stm32h7xx_hal_msp.o(i.HAL_RTC_MspInit)
    HAL_RTC_WaitForSynchro                   0x080029b1   Thumb Code    50  stm32h7xx_hal_rtc.o(i.HAL_RTC_WaitForSynchro)
    HAL_SPI_Init                             0x080029e9   Thumb Code   366  stm32h7xx_hal_spi.o(i.HAL_SPI_Init)
    HAL_SPI_MspInit                          0x08002b65   Thumb Code   122  stm32h7xx_hal_msp.o(i.HAL_SPI_MspInit)
    HAL_SYSTICK_Config                       0x08002bed   Thumb Code    38  stm32h7xx_hal_cortex.o(i.HAL_SYSTICK_Config)
    HAL_UARTEx_DisableFifoMode               0x08002c13   Thumb Code    64  stm32h7xx_hal_uart_ex.o(i.HAL_UARTEx_DisableFifoMode)
    HAL_UARTEx_SetRxFifoThreshold            0x08002c53   Thumb Code    76  stm32h7xx_hal_uart_ex.o(i.HAL_UARTEx_SetRxFifoThreshold)
    HAL_UARTEx_SetTxFifoThreshold            0x08002c9f   Thumb Code    76  stm32h7xx_hal_uart_ex.o(i.HAL_UARTEx_SetTxFifoThreshold)
    HAL_UART_Init                            0x08002ceb   Thumb Code   106  stm32h7xx_hal_uart.o(i.HAL_UART_Init)
    HAL_UART_MspInit                         0x08002d55   Thumb Code   122  stm32h7xx_hal_msp.o(i.HAL_UART_MspInit)
    HardFault_Handler                        0x08002ddd   Thumb Code     2  stm32h7xx_it.o(i.HardFault_Handler)
    MX_USB_DEVICE_Init                       0x0800307d   Thumb Code    66  usb_device.o(i.MX_USB_DEVICE_Init)
    MemManage_Handler                        0x080030d1   Thumb Code     2  stm32h7xx_it.o(i.MemManage_Handler)
    NMI_Handler                              0x080030d3   Thumb Code     2  stm32h7xx_it.o(i.NMI_Handler)
    OTG_HS_EP1_IN_IRQHandler                 0x080030d5   Thumb Code     6  stm32h7xx_it.o(i.OTG_HS_EP1_IN_IRQHandler)
    OTG_HS_EP1_OUT_IRQHandler                0x080030e1   Thumb Code     6  stm32h7xx_it.o(i.OTG_HS_EP1_OUT_IRQHandler)
    OTG_HS_IRQHandler                        0x080030ed   Thumb Code     6  stm32h7xx_it.o(i.OTG_HS_IRQHandler)
    PendSV_Handler                           0x08003267   Thumb Code     2  stm32h7xx_it.o(i.PendSV_Handler)
    RTC_EnterInitMode                        0x080034a9   Thumb Code    70  stm32h7xx_hal_rtc.o(i.RTC_EnterInitMode)
    RTC_ExitInitMode                         0x080034f1   Thumb Code    78  stm32h7xx_hal_rtc.o(i.RTC_ExitInitMode)
    SVC_Handler                              0x08003545   Thumb Code     2  stm32h7xx_it.o(i.SVC_Handler)
    SysTick_Handler                          0x08003551   Thumb Code     4  stm32h7xx_it.o(i.SysTick_Handler)
    SystemClock_Config                       0x08003555   Thumb Code   156  main.o(i.SystemClock_Config)
    SystemInit                               0x080035f5   Thumb Code   158  system_stm32h7xx.o(i.SystemInit)
    UART_AdvFeatureConfig                    0x080036f9   Thumb Code   200  stm32h7xx_hal_uart.o(i.UART_AdvFeatureConfig)
    UART_CheckIdleState                      0x080037c1   Thumb Code   170  stm32h7xx_hal_uart.o(i.UART_CheckIdleState)
    UART_SetConfig                           0x080038c1   Thumb Code   914  stm32h7xx_hal_uart.o(i.UART_SetConfig)
    UART_WaitOnFlagUntilTimeout              0x08003c9d   Thumb Code   140  stm32h7xx_hal_uart.o(i.UART_WaitOnFlagUntilTimeout)
    USBD_CDC_GetDeviceQualifierDescriptor    0x08003ea5   Thumb Code     8  usbd_cdc.o(i.USBD_CDC_GetDeviceQualifierDescriptor)
    USBD_CDC_ReceivePacket                   0x0800408d   Thumb Code    50  usbd_cdc.o(i.USBD_CDC_ReceivePacket)
    USBD_CDC_RegisterInterface               0x080040c5   Thumb Code    22  usbd_cdc.o(i.USBD_CDC_RegisterInterface)
    USBD_CDC_SetRxBuffer                     0x080040db   Thumb Code    26  usbd_cdc.o(i.USBD_CDC_SetRxBuffer)
    USBD_CDC_SetTxBuffer                     0x080040f5   Thumb Code    30  usbd_cdc.o(i.USBD_CDC_SetTxBuffer)
    USBD_CDC_TransmitPacket                  0x080041e1   Thumb Code    76  usbd_cdc.o(i.USBD_CDC_TransmitPacket)
    USBD_ClrClassConfig                      0x08004231   Thumb Code    20  usbd_core.o(i.USBD_ClrClassConfig)
    USBD_CoreFindEP                          0x08004245   Thumb Code     4  usbd_core.o(i.USBD_CoreFindEP)
    USBD_CoreFindIF                          0x08004249   Thumb Code     4  usbd_core.o(i.USBD_CoreFindIF)
    USBD_CtlContinueRx                       0x0800424d   Thumb Code    16  usbd_ioreq.o(i.USBD_CtlContinueRx)
    USBD_CtlContinueSendData                 0x0800425d   Thumb Code    16  usbd_ioreq.o(i.USBD_CtlContinueSendData)
    USBD_CtlError                            0x0800426d   Thumb Code    22  usbd_ctlreq.o(i.USBD_CtlError)
    USBD_CtlPrepareRx                        0x08004283   Thumb Code    30  usbd_ioreq.o(i.USBD_CtlPrepareRx)
    USBD_CtlReceiveStatus                    0x080042a1   Thumb Code    22  usbd_ioreq.o(i.USBD_CtlReceiveStatus)
    USBD_CtlSendData                         0x080042b7   Thumb Code    26  usbd_ioreq.o(i.USBD_CtlSendData)
    USBD_CtlSendStatus                       0x080042d1   Thumb Code    22  usbd_ioreq.o(i.USBD_CtlSendStatus)
    USBD_GetEpDesc                           0x080043e1   Thumb Code    58  usbd_core.o(i.USBD_GetEpDesc)
    USBD_GetNextDesc                         0x0800441b   Thumb Code    14  usbd_core.o(i.USBD_GetNextDesc)
    USBD_GetString                           0x08004429   Thumb Code    74  usbd_ctlreq.o(i.USBD_GetString)
    USBD_Get_USB_Status                      0x08004473   Thumb Code    24  usbd_conf.o(i.USBD_Get_USB_Status)
    USBD_HS_ConfigStrDescriptor              0x0800448d   Thumb Code    16  usbd_desc.o(i.USBD_HS_ConfigStrDescriptor)
    USBD_HS_DeviceDescriptor                 0x080044ad   Thumb Code     8  usbd_desc.o(i.USBD_HS_DeviceDescriptor)
    USBD_HS_InterfaceStrDescriptor           0x080044b9   Thumb Code    16  usbd_desc.o(i.USBD_HS_InterfaceStrDescriptor)
    USBD_HS_LangIDStrDescriptor              0x080044dd   Thumb Code     8  usbd_desc.o(i.USBD_HS_LangIDStrDescriptor)
    USBD_HS_ManufacturerStrDescriptor        0x080044e9   Thumb Code    16  usbd_desc.o(i.USBD_HS_ManufacturerStrDescriptor)
    USBD_HS_ProductStrDescriptor             0x08004511   Thumb Code    16  usbd_desc.o(i.USBD_HS_ProductStrDescriptor)
    USBD_HS_SerialStrDescriptor              0x0800453d   Thumb Code    50  usbd_desc.o(i.USBD_HS_SerialStrDescriptor)
    USBD_Init                                0x08004579   Thumb Code    38  usbd_core.o(i.USBD_Init)
    USBD_LL_ClearStallEP                     0x0800459f   Thumb Code    18  usbd_conf.o(i.USBD_LL_ClearStallEP)
    USBD_LL_CloseEP                          0x080045b1   Thumb Code    18  usbd_conf.o(i.USBD_LL_CloseEP)
    USBD_LL_DataInStage                      0x080045c3   Thumb Code   184  usbd_core.o(i.USBD_LL_DataInStage)
    USBD_LL_DataOutStage                     0x0800467b   Thumb Code   144  usbd_core.o(i.USBD_LL_DataOutStage)
    USBD_LL_DevConnected                     0x0800470b   Thumb Code     4  usbd_core.o(i.USBD_LL_DevConnected)
    USBD_LL_DevDisconnected                  0x0800470f   Thumb Code    32  usbd_core.o(i.USBD_LL_DevDisconnected)
    USBD_LL_GetRxDataSize                    0x0800472f   Thumb Code     8  usbd_conf.o(i.USBD_LL_GetRxDataSize)
    USBD_LL_Init                             0x08004739   Thumb Code    98  usbd_conf.o(i.USBD_LL_Init)
    USBD_LL_IsStallEP                        0x080047a5   Thumb Code    32  usbd_conf.o(i.USBD_LL_IsStallEP)
    USBD_LL_IsoINIncomplete                  0x080047c5   Thumb Code    40  usbd_core.o(i.USBD_LL_IsoINIncomplete)
    USBD_LL_IsoOUTIncomplete                 0x080047ed   Thumb Code    40  usbd_core.o(i.USBD_LL_IsoOUTIncomplete)
    USBD_LL_OpenEP                           0x08004815   Thumb Code    24  usbd_conf.o(i.USBD_LL_OpenEP)
    USBD_LL_PrepareReceive                   0x0800482d   Thumb Code    18  usbd_conf.o(i.USBD_LL_PrepareReceive)
    USBD_LL_Reset                            0x0800483f   Thumb Code    94  usbd_core.o(i.USBD_LL_Reset)
    USBD_LL_Resume                           0x0800489d   Thumb Code    20  usbd_core.o(i.USBD_LL_Resume)
    USBD_LL_SOF                              0x080048b1   Thumb Code    26  usbd_core.o(i.USBD_LL_SOF)
    USBD_LL_SetSpeed                         0x080048cb   Thumb Code     6  usbd_core.o(i.USBD_LL_SetSpeed)
    USBD_LL_SetUSBAddress                    0x080048d1   Thumb Code    18  usbd_conf.o(i.USBD_LL_SetUSBAddress)
    USBD_LL_SetupStage                       0x080048e3   Thumb Code    96  usbd_core.o(i.USBD_LL_SetupStage)
    USBD_LL_StallEP                          0x08004943   Thumb Code    18  usbd_conf.o(i.USBD_LL_StallEP)
    USBD_LL_Start                            0x08004955   Thumb Code    18  usbd_conf.o(i.USBD_LL_Start)
    USBD_LL_Suspend                          0x08004967   Thumb Code    26  usbd_core.o(i.USBD_LL_Suspend)
    USBD_LL_Transmit                         0x08004981   Thumb Code    18  usbd_conf.o(i.USBD_LL_Transmit)
    USBD_ParseSetupRequest                   0x08004993   Thumb Code    42  usbd_ctlreq.o(i.USBD_ParseSetupRequest)
    USBD_RegisterClass                       0x080049bd   Thumb Code    58  usbd_core.o(i.USBD_RegisterClass)
    USBD_SetClassConfig                      0x080049f7   Thumb Code    20  usbd_core.o(i.USBD_SetClassConfig)
    USBD_Start                               0x08004ac9   Thumb Code     4  usbd_core.o(i.USBD_Start)
    USBD_StdDevReq                           0x08004acd   Thumb Code   302  usbd_ctlreq.o(i.USBD_StdDevReq)
    USBD_StdEPReq                            0x08004bfb   Thumb Code   356  usbd_ctlreq.o(i.USBD_StdEPReq)
    USBD_StdItfReq                           0x08004d5f   Thumb Code   116  usbd_ctlreq.o(i.USBD_StdItfReq)
    USBD_static_free                         0x08004dd3   Thumb Code     2  usbd_conf.o(i.USBD_static_free)
    USBD_static_malloc                       0x08004dd5   Thumb Code     4  usbd_conf.o(i.USBD_static_malloc)
    USB_ActivateEndpoint                     0x08004ddd   Thumb Code   124  stm32h7xx_ll_usb.o(i.USB_ActivateEndpoint)
    USB_ActivateSetup                        0x08004e5d   Thumb Code    28  stm32h7xx_ll_usb.o(i.USB_ActivateSetup)
    USB_CoreInit                             0x08004e79   Thumb Code   128  stm32h7xx_ll_usb.o(i.USB_CoreInit)
    USB_DeactivateEndpoint                   0x08004f41   Thumb Code   194  stm32h7xx_ll_usb.o(i.USB_DeactivateEndpoint)
    USB_DevConnect                           0x0800500d   Thumb Code    28  stm32h7xx_ll_usb.o(i.USB_DevConnect)
    USB_DevDisconnect                        0x08005029   Thumb Code    28  stm32h7xx_ll_usb.o(i.USB_DevDisconnect)
    USB_DevInit                              0x08005045   Thumb Code   366  stm32h7xx_ll_usb.o(i.USB_DevInit)
    USB_DisableGlobalInt                     0x080051bd   Thumb Code    12  stm32h7xx_ll_usb.o(i.USB_DisableGlobalInt)
    USB_EP0_OutStart                         0x080051c9   Thumb Code    84  stm32h7xx_ll_usb.o(i.USB_EP0_OutStart)
    USB_EPClearStall                         0x08005221   Thumb Code    88  stm32h7xx_ll_usb.o(i.USB_EPClearStall)
    USB_EPSetStall                           0x08005279   Thumb Code    88  stm32h7xx_ll_usb.o(i.USB_EPSetStall)
    USB_EPStartXfer                          0x080052d1   Thumb Code   562  stm32h7xx_ll_usb.o(i.USB_EPStartXfer)
    USB_EPStopXfer                           0x08005509   Thumb Code   158  stm32h7xx_ll_usb.o(i.USB_EPStopXfer)
    USB_EnableGlobalInt                      0x080055a7   Thumb Code    12  stm32h7xx_ll_usb.o(i.USB_EnableGlobalInt)
    USB_FlushRxFifo                          0x080055b5   Thumb Code    54  stm32h7xx_ll_usb.o(i.USB_FlushRxFifo)
    USB_FlushTxFifo                          0x080055f1   Thumb Code    58  stm32h7xx_ll_usb.o(i.USB_FlushTxFifo)
    USB_GetDevSpeed                          0x08005631   Thumb Code    26  stm32h7xx_ll_usb.o(i.USB_GetDevSpeed)
    USB_GetMode                              0x0800564b   Thumb Code     8  stm32h7xx_ll_usb.o(i.USB_GetMode)
    USB_ReadDevAllInEpInterrupt              0x08005653   Thumb Code    14  stm32h7xx_ll_usb.o(i.USB_ReadDevAllInEpInterrupt)
    USB_ReadDevAllOutEpInterrupt             0x08005661   Thumb Code    14  stm32h7xx_ll_usb.o(i.USB_ReadDevAllOutEpInterrupt)
    USB_ReadDevInEPInterrupt                 0x0800566f   Thumb Code    36  stm32h7xx_ll_usb.o(i.USB_ReadDevInEPInterrupt)
    USB_ReadDevOutEPInterrupt                0x08005693   Thumb Code    16  stm32h7xx_ll_usb.o(i.USB_ReadDevOutEPInterrupt)
    USB_ReadInterrupts                       0x080056a3   Thumb Code     8  stm32h7xx_ll_usb.o(i.USB_ReadInterrupts)
    USB_ReadPacket                           0x080056ab   Thumb Code    64  stm32h7xx_ll_usb.o(i.USB_ReadPacket)
    USB_SetCurrentMode                       0x080056eb   Thumb Code    94  stm32h7xx_ll_usb.o(i.USB_SetCurrentMode)
    USB_SetDevAddress                        0x08005749   Thumb Code    34  stm32h7xx_ll_usb.o(i.USB_SetDevAddress)
    USB_SetTurnaroundTime                    0x0800576d   Thumb Code   158  stm32h7xx_ll_usb.o(i.USB_SetTurnaroundTime)
    USB_WritePacket                          0x08005855   Thumb Code    40  stm32h7xx_ll_usb.o(i.USB_WritePacket)
    UsageFault_Handler                       0x0800587d   Thumb Code     2  stm32h7xx_it.o(i.UsageFault_Handler)
    __scatterload_copy                       0x080058a1   Thumb Code    14  handlers.o(i.__scatterload_copy)
    __scatterload_null                       0x080058af   Thumb Code     2  handlers.o(i.__scatterload_null)
    __scatterload_zeroinit                   0x080058b1   Thumb Code    14  handlers.o(i.__scatterload_zeroinit)
    main                                     0x080058c1   Thumb Code    90  main.o(i.main)
    UARTPrescTable                           0x08005930   Data          24  stm32h7xx_hal_uart.o(.constdata)
    D1CorePrescTable                         0x08005958   Data          16  system_stm32h7xx.o(.constdata)
    Region$$Table$$Base                      0x08005968   Number         0  anon$$obj.o(Region$$Table)
    Region$$Table$$Limit                     0x08005988   Number         0  anon$$obj.o(Region$$Table)
    uwTickFreq                               0x24000000   Data           1  stm32h7xx_hal.o(.data)
    uwTickPrio                               0x24000004   Data           4  stm32h7xx_hal.o(.data)
    uwTick                                   0x24000008   Data           4  stm32h7xx_hal.o(.data)
    SystemCoreClock                          0x2400000c   Data           4  system_stm32h7xx.o(.data)
    SystemD2Clock                            0x24000010   Data           4  system_stm32h7xx.o(.data)
    HS_Desc                                  0x24000014   Data          32  usbd_desc.o(.data)
    USBD_LangIDDesc                          0x24000034   Data           4  usbd_desc.o(.data)
    USBD_HS_DeviceDesc                       0x24000038   Data          18  usbd_desc.o(.data)
    USBD_HS_BOSDesc                          0x2400004c   Data          12  usbd_desc.o(.data)
    USBD_StringSerial                        0x24000058   Data          26  usbd_desc.o(.data)
    USBD_Interface_fops_HS                   0x24000074   Data          20  usbd_cdc_if.o(.data)
    USBD_CDC                                 0x240000e0   Data          56  usbd_cdc.o(.data)
    hrtc                                     0x24000118   Data          36  main.o(.bss)
    hspi4                                    0x2400013c   Data         136  main.o(.bss)
    huart3                                   0x240001c4   Data         148  main.o(.bss)
    hUsbDeviceHS                             0x24000258   Data         732  usb_device.o(.bss)
    USBD_StrDesc                             0x24000534   Data         512  usbd_desc.o(.bss)
    UserRxBufferHS                           0x24000734   Data        2048  usbd_cdc_if.o(.bss)
    UserTxBufferHS                           0x24000f34   Data        2048  usbd_cdc_if.o(.bss)
    hpcd_USB_OTG_HS                          0x24001854   Data        1292  usbd_conf.o(.bss)
    __initial_sp                             0x24002160   Data           0  startup_stm32h723xx.o(STACK)



==============================================================================

Memory Map of the image

  Image Entry point : 0x080002cd

  Load Region LR_IROM1 (Base: 0x08000000, Size: 0x00005aa0, Max: 0x00100000, ABSOLUTE)

    Execution Region ER_IROM1 (Exec base: 0x08000000, Load base: 0x08000000, Size: 0x00005988, Max: 0x00100000, ABSOLUTE)

    Exec Addr    Load Addr    Size         Type   Attr      Idx    E Section Name        Object

    0x08000000   0x08000000   0x000002cc   Data   RO            3    RESET               startup_stm32h723xx.o
    0x080002cc   0x080002cc   0x00000000   Code   RO         6003  * .ARM.Collect$$$$00000000  mc_w.l(entry.o)
    0x080002cc   0x080002cc   0x00000004   Code   RO         6275    .ARM.Collect$$$$00000001  mc_w.l(entry2.o)
    0x080002d0   0x080002d0   0x00000004   Code   RO         6278    .ARM.Collect$$$$00000004  mc_w.l(entry5.o)
    0x080002d4   0x080002d4   0x00000000   Code   RO         6280    .ARM.Collect$$$$00000008  mc_w.l(entry7b.o)
    0x080002d4   0x080002d4   0x00000000   Code   RO         6282    .ARM.Collect$$$$0000000A  mc_w.l(entry8b.o)
    0x080002d4   0x080002d4   0x00000008   Code   RO         6283    .ARM.Collect$$$$0000000B  mc_w.l(entry9a.o)
    0x080002dc   0x080002dc   0x00000000   Code   RO         6285    .ARM.Collect$$$$0000000D  mc_w.l(entry10a.o)
    0x080002dc   0x080002dc   0x00000000   Code   RO         6287    .ARM.Collect$$$$0000000F  mc_w.l(entry11a.o)
    0x080002dc   0x080002dc   0x00000004   Code   RO         6276    .ARM.Collect$$$$00002712  mc_w.l(entry2.o)
    0x080002e0   0x080002e0   0x00000024   Code   RO            4    .text               startup_stm32h723xx.o
    0x08000304   0x08000304   0x00000062   Code   RO         6006    .text               mc_w.l(uldiv.o)
    0x08000366   0x08000366   0x00000024   Code   RO         6008    .text               mc_w.l(memcpya.o)
    0x0800038a   0x0800038a   0x00000024   Code   RO         6010    .text               mc_w.l(memseta.o)
    0x080003ae   0x080003ae   0x0000001e   Code   RO         6292    .text               mc_w.l(llshl.o)
    0x080003cc   0x080003cc   0x00000020   Code   RO         6294    .text               mc_w.l(llushr.o)
    0x080003ec   0x080003ec   0x00000024   Code   RO         6307    .text               mc_w.l(init.o)
    0x08000410   0x08000410   0x00000002   Code   RO          297    i.BusFault_Handler  stm32h7xx_it.o
    0x08000412   0x08000412   0x00000004   Code   RO         5320    i.CDC_Control_HS    usbd_cdc_if.o
    0x08000416   0x08000416   0x00000004   Code   RO         5321    i.CDC_DeInit_HS     usbd_cdc_if.o
    0x0800041a   0x0800041a   0x00000002   PAD
    0x0800041c   0x0800041c   0x00000024   Code   RO         5322    i.CDC_Init_HS       usbd_cdc_if.o
    0x08000440   0x08000440   0x00000018   Code   RO         5323    i.CDC_Receive_HS    usbd_cdc_if.o
    0x08000458   0x08000458   0x00000004   Code   RO         5324    i.CDC_TransmitCplt_HS  usbd_cdc_if.o
    0x0800045c   0x0800045c   0x0000001c   Code   RO         5325    i.CDC_Transmit_HS   usbd_cdc_if.o
    0x08000478   0x08000478   0x00000002   Code   RO          298    i.DebugMon_Handler  stm32h7xx_it.o
    0x0800047a   0x0800047a   0x00000004   Code   RO           13    i.Error_Handler     main.o
    0x0800047e   0x0800047e   0x00000002   PAD
    0x08000480   0x08000480   0x00000024   Code   RO         2523    i.HAL_Delay         stm32h7xx_hal.o
    0x080004a4   0x080004a4   0x0000021c   Code   RO         1533    i.HAL_GPIO_Init     stm32h7xx_hal_gpio.o
    0x080006c0   0x080006c0   0x0000000a   Code   RO         1537    i.HAL_GPIO_WritePin  stm32h7xx_hal_gpio.o
    0x080006ca   0x080006ca   0x00000002   PAD
    0x080006cc   0x080006cc   0x0000000c   Code   RO         2539    i.HAL_GetTick       stm32h7xx_hal.o
    0x080006d8   0x080006d8   0x00000010   Code   RO         2545    i.HAL_IncTick       stm32h7xx_hal.o
    0x080006e8   0x080006e8   0x0000005c   Code   RO         2546    i.HAL_Init          stm32h7xx_hal.o
    0x08000744   0x08000744   0x00000040   Code   RO         2547    i.HAL_InitTick      stm32h7xx_hal.o
    0x08000784   0x08000784   0x0000001c   Code   RO          391    i.HAL_MspInit       stm32h7xx_hal_msp.o
    0x080007a0   0x080007a0   0x0000001a   Code   RO         2381    i.HAL_NVIC_EnableIRQ  stm32h7xx_hal_cortex.o
    0x080007ba   0x080007ba   0x00000002   PAD
    0x080007bc   0x080007bc   0x00000040   Code   RO         2387    i.HAL_NVIC_SetPriority  stm32h7xx_hal_cortex.o
    0x080007fc   0x080007fc   0x00000024   Code   RO         2388    i.HAL_NVIC_SetPriorityGrouping  stm32h7xx_hal_cortex.o
    0x08000820   0x08000820   0x00000028   Code   RO          684    i.HAL_PCDEx_ActivateLPM  stm32h7xx_hal_pcd_ex.o
    0x08000848   0x08000848   0x00000002   Code   RO          689    i.HAL_PCDEx_LPM_Callback  stm32h7xx_hal_pcd_ex.o
    0x0800084a   0x0800084a   0x00000008   Code   RO          690    i.HAL_PCDEx_SetRxFiFo  stm32h7xx_hal_pcd_ex.o
    0x08000852   0x08000852   0x00000046   Code   RO          691    i.HAL_PCDEx_SetTxFiFo  stm32h7xx_hal_pcd_ex.o
    0x08000898   0x08000898   0x00000008   Code   RO         5381    i.HAL_PCD_ConnectCallback  usbd_conf.o
    0x080008a0   0x080008a0   0x00000012   Code   RO         5382    i.HAL_PCD_DataInStageCallback  usbd_conf.o
    0x080008b2   0x080008b2   0x00000014   Code   RO         5383    i.HAL_PCD_DataOutStageCallback  usbd_conf.o
    0x080008c6   0x080008c6   0x00000008   Code   RO         5384    i.HAL_PCD_DisconnectCallback  usbd_conf.o
    0x080008ce   0x080008ce   0x0000001e   Code   RO          460    i.HAL_PCD_EP_Abort  stm32h7xx_hal_pcd.o
    0x080008ec   0x080008ec   0x0000004c   Code   RO          461    i.HAL_PCD_EP_Close  stm32h7xx_hal_pcd.o
    0x08000938   0x08000938   0x0000005c   Code   RO          462    i.HAL_PCD_EP_ClrStall  stm32h7xx_hal_pcd.o
    0x08000994   0x08000994   0x00000012   Code   RO          464    i.HAL_PCD_EP_GetRxCount  stm32h7xx_hal_pcd.o
    0x080009a6   0x080009a6   0x00000060   Code   RO          465    i.HAL_PCD_EP_Open   stm32h7xx_hal_pcd.o
    0x08000a06   0x08000a06   0x00000034   Code   RO          466    i.HAL_PCD_EP_Receive  stm32h7xx_hal_pcd.o
    0x08000a3a   0x08000a3a   0x00000074   Code   RO          467    i.HAL_PCD_EP_SetStall  stm32h7xx_hal_pcd.o
    0x08000aae   0x08000aae   0x00000034   Code   RO          468    i.HAL_PCD_EP_Transmit  stm32h7xx_hal_pcd.o
    0x08000ae2   0x08000ae2   0x00000002   PAD
    0x08000ae4   0x08000ae4   0x0000059c   Code   RO          470    i.HAL_PCD_IRQHandler  stm32h7xx_hal_pcd.o
    0x08001080   0x08001080   0x00000008   Code   RO         5385    i.HAL_PCD_ISOINIncompleteCallback  usbd_conf.o
    0x08001088   0x08001088   0x00000008   Code   RO         5386    i.HAL_PCD_ISOOUTIncompleteCallback  usbd_conf.o
    0x08001090   0x08001090   0x000000f2   Code   RO          473    i.HAL_PCD_Init      stm32h7xx_hal_pcd.o
    0x08001182   0x08001182   0x00000002   PAD
    0x08001184   0x08001184   0x000000d0   Code   RO         5388    i.HAL_PCD_MspInit   usbd_conf.o
    0x08001254   0x08001254   0x0000002c   Code   RO         5389    i.HAL_PCD_ResetCallback  usbd_conf.o
    0x08001280   0x08001280   0x00000008   Code   RO         5390    i.HAL_PCD_ResumeCallback  usbd_conf.o
    0x08001288   0x08001288   0x00000008   Code   RO         5391    i.HAL_PCD_SOFCallback  usbd_conf.o
    0x08001290   0x08001290   0x00000028   Code   RO          479    i.HAL_PCD_SetAddress  stm32h7xx_hal_pcd.o
    0x080012b8   0x080012b8   0x0000000e   Code   RO         5392    i.HAL_PCD_SetupStageCallback  usbd_conf.o
    0x080012c6   0x080012c6   0x00000042   Code   RO          482    i.HAL_PCD_Start     stm32h7xx_hal_pcd.o
    0x08001308   0x08001308   0x00000030   Code   RO         5393    i.HAL_PCD_SuspendCallback  usbd_conf.o
    0x08001338   0x08001338   0x00000054   Code   RO         2134    i.HAL_PWREx_ConfigSupply  stm32h7xx_hal_pwr_ex.o
    0x0800138c   0x0800138c   0x00000010   Code   RO         2151    i.HAL_PWREx_EnableUSBVoltageDetector  stm32h7xx_hal_pwr_ex.o
    0x0800139c   0x0800139c   0x00000024   Code   RO         1176    i.HAL_RCCEx_GetD3PCLK1Freq  stm32h7xx_hal_rcc_ex.o
    0x080013c0   0x080013c0   0x00000144   Code   RO         1178    i.HAL_RCCEx_GetPLL2ClockFreq  stm32h7xx_hal_rcc_ex.o
    0x08001504   0x08001504   0x00000144   Code   RO         1179    i.HAL_RCCEx_GetPLL3ClockFreq  stm32h7xx_hal_rcc_ex.o
    0x08001648   0x08001648   0x0000093a   Code   RO         1185    i.HAL_RCCEx_PeriphCLKConfig  stm32h7xx_hal_rcc_ex.o
    0x08001f82   0x08001f82   0x00000002   PAD
    0x08001f84   0x08001f84   0x0000025c   Code   RO         1061    i.HAL_RCC_ClockConfig  stm32h7xx_hal_rcc.o
    0x080021e0   0x080021e0   0x00000044   Code   RO         1066    i.HAL_RCC_GetHCLKFreq  stm32h7xx_hal_rcc.o
    0x08002224   0x08002224   0x00000024   Code   RO         1068    i.HAL_RCC_GetPCLK1Freq  stm32h7xx_hal_rcc.o
    0x08002248   0x08002248   0x00000024   Code   RO         1069    i.HAL_RCC_GetPCLK2Freq  stm32h7xx_hal_rcc.o
    0x0800226c   0x0800226c   0x00000138   Code   RO         1070    i.HAL_RCC_GetSysClockFreq  stm32h7xx_hal_rcc.o
    0x080023a4   0x080023a4   0x00000526   Code   RO         1073    i.HAL_RCC_OscConfig  stm32h7xx_hal_rcc.o
    0x080028ca   0x080028ca   0x00000002   PAD
    0x080028cc   0x080028cc   0x000000a0   Code   RO         3470    i.HAL_RTC_Init      stm32h7xx_hal_rtc.o
    0x0800296c   0x0800296c   0x00000044   Code   RO          393    i.HAL_RTC_MspInit   stm32h7xx_hal_msp.o
    0x080029b0   0x080029b0   0x00000038   Code   RO         3478    i.HAL_RTC_WaitForSynchro  stm32h7xx_hal_rtc.o
    0x080029e8   0x080029e8   0x0000017c   Code   RO         3855    i.HAL_SPI_Init      stm32h7xx_hal_spi.o
    0x08002b64   0x08002b64   0x00000088   Code   RO          395    i.HAL_SPI_MspInit   stm32h7xx_hal_msp.o
    0x08002bec   0x08002bec   0x00000026   Code   RO         2392    i.HAL_SYSTICK_Config  stm32h7xx_hal_cortex.o
    0x08002c12   0x08002c12   0x00000040   Code   RO         4629    i.HAL_UARTEx_DisableFifoMode  stm32h7xx_hal_uart_ex.o
    0x08002c52   0x08002c52   0x0000004c   Code   RO         4638    i.HAL_UARTEx_SetRxFifoThreshold  stm32h7xx_hal_uart_ex.o
    0x08002c9e   0x08002c9e   0x0000004c   Code   RO         4639    i.HAL_UARTEx_SetTxFifoThreshold  stm32h7xx_hal_uart_ex.o
    0x08002cea   0x08002cea   0x0000006a   Code   RO         4238    i.HAL_UART_Init     stm32h7xx_hal_uart.o
    0x08002d54   0x08002d54   0x00000088   Code   RO          397    i.HAL_UART_MspInit  stm32h7xx_hal_msp.o
    0x08002ddc   0x08002ddc   0x00000002   Code   RO          299    i.HardFault_Handler  stm32h7xx_it.o
    0x08002dde   0x08002dde   0x00000002   PAD
    0x08002de0   0x08002de0   0x00000038   Code   RO         5228    i.IntToUnicode      usbd_desc.o
    0x08002e18   0x08002e18   0x000001ac   Code   RO           14    i.MX_GPIO_Init      main.o
    0x08002fc4   0x08002fc4   0x00000054   Code   RO           15    i.MX_SPI4_Init      main.o
    0x08003018   0x08003018   0x00000064   Code   RO           16    i.MX_USART3_UART_Init  main.o
    0x0800307c   0x0800307c   0x00000054   Code   RO         5193    i.MX_USB_DEVICE_Init  usb_device.o
    0x080030d0   0x080030d0   0x00000002   Code   RO          300    i.MemManage_Handler  stm32h7xx_it.o
    0x080030d2   0x080030d2   0x00000002   Code   RO          301    i.NMI_Handler       stm32h7xx_it.o
    0x080030d4   0x080030d4   0x0000000c   Code   RO          302    i.OTG_HS_EP1_IN_IRQHandler  stm32h7xx_it.o
    0x080030e0   0x080030e0   0x0000000c   Code   RO          303    i.OTG_HS_EP1_OUT_IRQHandler  stm32h7xx_it.o
    0x080030ec   0x080030ec   0x0000000c   Code   RO          304    i.OTG_HS_IRQHandler  stm32h7xx_it.o
    0x080030f8   0x080030f8   0x000000cc   Code   RO          485    i.PCD_EP_OutXfrComplete_int  stm32h7xx_hal_pcd.o
    0x080031c4   0x080031c4   0x000000a2   Code   RO          486    i.PCD_WriteEmptyTxFifo  stm32h7xx_hal_pcd.o
    0x08003266   0x08003266   0x00000002   Code   RO          305    i.PendSV_Handler    stm32h7xx_it.o
    0x08003268   0x08003268   0x00000120   Code   RO         1188    i.RCCEx_PLL2_Config  stm32h7xx_hal_rcc_ex.o
    0x08003388   0x08003388   0x00000120   Code   RO         1189    i.RCCEx_PLL3_Config  stm32h7xx_hal_rcc_ex.o
    0x080034a8   0x080034a8   0x00000046   Code   RO         3481    i.RTC_EnterInitMode  stm32h7xx_hal_rtc.o
    0x080034ee   0x080034ee   0x00000002   PAD
    0x080034f0   0x080034f0   0x00000054   Code   RO         3482    i.RTC_ExitInitMode  stm32h7xx_hal_rtc.o
    0x08003544   0x08003544   0x00000002   Code   RO          306    i.SVC_Handler       stm32h7xx_it.o
    0x08003546   0x08003546   0x0000000a   Code   RO         5755    i.SWAPBYTE          usbd_ctlreq.o
    0x08003550   0x08003550   0x00000004   Code   RO          307    i.SysTick_Handler   stm32h7xx_it.o
    0x08003554   0x08003554   0x000000a0   Code   RO           17    i.SystemClock_Config  main.o
    0x080035f4   0x080035f4   0x000000c0   Code   RO         4748    i.SystemInit        system_stm32h7xx.o
    0x080036b4   0x080036b4   0x00000044   Code   RO         4643    i.UARTEx_SetNbDataToProcess  stm32h7xx_hal_uart_ex.o
    0x080036f8   0x080036f8   0x000000c8   Code   RO         4252    i.UART_AdvFeatureConfig  stm32h7xx_hal_uart.o
    0x080037c0   0x080037c0   0x000000aa   Code   RO         4253    i.UART_CheckIdleState  stm32h7xx_hal_uart.o
    0x0800386a   0x0800386a   0x00000002   PAD
    0x0800386c   0x0800386c   0x00000054   Code   RO         4264    i.UART_EndRxTransfer  stm32h7xx_hal_uart.o
    0x080038c0   0x080038c0   0x000003dc   Code   RO         4270    i.UART_SetConfig    stm32h7xx_hal_uart.o
    0x08003c9c   0x08003c9c   0x0000008c   Code   RO         4277    i.UART_WaitOnFlagUntilTimeout  stm32h7xx_hal_uart.o
    0x08003d28   0x08003d28   0x00000076   Code   RO         5896    i.USBD_CDC_DataIn   usbd_cdc.o
    0x08003d9e   0x08003d9e   0x0000003c   Code   RO         5897    i.USBD_CDC_DataOut  usbd_cdc.o
    0x08003dda   0x08003dda   0x00000002   PAD
    0x08003ddc   0x08003ddc   0x00000090   Code   RO         5898    i.USBD_CDC_DeInit   usbd_cdc.o
    0x08003e6c   0x08003e6c   0x00000036   Code   RO         5899    i.USBD_CDC_EP0_RxReady  usbd_cdc.o
    0x08003ea2   0x08003ea2   0x00000002   PAD
    0x08003ea4   0x08003ea4   0x0000000c   Code   RO         5900    i.USBD_CDC_GetDeviceQualifierDescriptor  usbd_cdc.o
    0x08003eb0   0x08003eb0   0x00000040   Code   RO         5901    i.USBD_CDC_GetFSCfgDesc  usbd_cdc.o
    0x08003ef0   0x08003ef0   0x00000040   Code   RO         5902    i.USBD_CDC_GetHSCfgDesc  usbd_cdc.o
    0x08003f30   0x08003f30   0x00000040   Code   RO         5903    i.USBD_CDC_GetOtherSpeedCfgDesc  usbd_cdc.o
    0x08003f70   0x08003f70   0x0000011c   Code   RO         5904    i.USBD_CDC_Init     usbd_cdc.o
    0x0800408c   0x0800408c   0x00000038   Code   RO         5905    i.USBD_CDC_ReceivePacket  usbd_cdc.o
    0x080040c4   0x080040c4   0x00000016   Code   RO         5906    i.USBD_CDC_RegisterInterface  usbd_cdc.o
    0x080040da   0x080040da   0x0000001a   Code   RO         5907    i.USBD_CDC_SetRxBuffer  usbd_cdc.o
    0x080040f4   0x080040f4   0x0000001e   Code   RO         5908    i.USBD_CDC_SetTxBuffer  usbd_cdc.o
    0x08004112   0x08004112   0x000000ce   Code   RO         5909    i.USBD_CDC_Setup    usbd_cdc.o
    0x080041e0   0x080041e0   0x00000050   Code   RO         5910    i.USBD_CDC_TransmitPacket  usbd_cdc.o
    0x08004230   0x08004230   0x00000014   Code   RO         5592    i.USBD_ClrClassConfig  usbd_core.o
    0x08004244   0x08004244   0x00000004   Code   RO         5593    i.USBD_CoreFindEP   usbd_core.o
    0x08004248   0x08004248   0x00000004   Code   RO         5594    i.USBD_CoreFindIF   usbd_core.o
    0x0800424c   0x0800424c   0x00000010   Code   RO         5832    i.USBD_CtlContinueRx  usbd_ioreq.o
    0x0800425c   0x0800425c   0x00000010   Code   RO         5833    i.USBD_CtlContinueSendData  usbd_ioreq.o
    0x0800426c   0x0800426c   0x00000016   Code   RO         5756    i.USBD_CtlError     usbd_ctlreq.o
    0x08004282   0x08004282   0x0000001e   Code   RO         5834    i.USBD_CtlPrepareRx  usbd_ioreq.o
    0x080042a0   0x080042a0   0x00000016   Code   RO         5835    i.USBD_CtlReceiveStatus  usbd_ioreq.o
    0x080042b6   0x080042b6   0x0000001a   Code   RO         5836    i.USBD_CtlSendData  usbd_ioreq.o
    0x080042d0   0x080042d0   0x00000016   Code   RO         5837    i.USBD_CtlSendStatus  usbd_ioreq.o
    0x080042e6   0x080042e6   0x000000fa   Code   RO         5757    i.USBD_GetDescriptor  usbd_ctlreq.o
    0x080043e0   0x080043e0   0x0000003a   Code   RO         5596    i.USBD_GetEpDesc    usbd_core.o
    0x0800441a   0x0800441a   0x0000000e   Code   RO         5597    i.USBD_GetNextDesc  usbd_core.o
    0x08004428   0x08004428   0x0000004a   Code   RO         5758    i.USBD_GetString    usbd_ctlreq.o
    0x08004472   0x08004472   0x00000018   Code   RO         5394    i.USBD_Get_USB_Status  usbd_conf.o
    0x0800448a   0x0800448a   0x00000002   PAD
    0x0800448c   0x0800448c   0x00000020   Code   RO         5229    i.USBD_HS_ConfigStrDescriptor  usbd_desc.o
    0x080044ac   0x080044ac   0x0000000c   Code   RO         5230    i.USBD_HS_DeviceDescriptor  usbd_desc.o
    0x080044b8   0x080044b8   0x00000024   Code   RO         5231    i.USBD_HS_InterfaceStrDescriptor  usbd_desc.o
    0x080044dc   0x080044dc   0x0000000c   Code   RO         5232    i.USBD_HS_LangIDStrDescriptor  usbd_desc.o
    0x080044e8   0x080044e8   0x00000028   Code   RO         5233    i.USBD_HS_ManufacturerStrDescriptor  usbd_desc.o
    0x08004510   0x08004510   0x0000002c   Code   RO         5234    i.USBD_HS_ProductStrDescriptor  usbd_desc.o
    0x0800453c   0x0800453c   0x0000003c   Code   RO         5235    i.USBD_HS_SerialStrDescriptor  usbd_desc.o
    0x08004578   0x08004578   0x00000026   Code   RO         5598    i.USBD_Init         usbd_core.o
    0x0800459e   0x0800459e   0x00000012   Code   RO         5395    i.USBD_LL_ClearStallEP  usbd_conf.o
    0x080045b0   0x080045b0   0x00000012   Code   RO         5396    i.USBD_LL_CloseEP   usbd_conf.o
    0x080045c2   0x080045c2   0x000000b8   Code   RO         5599    i.USBD_LL_DataInStage  usbd_core.o
    0x0800467a   0x0800467a   0x00000090   Code   RO         5600    i.USBD_LL_DataOutStage  usbd_core.o
    0x0800470a   0x0800470a   0x00000004   Code   RO         5601    i.USBD_LL_DevConnected  usbd_core.o
    0x0800470e   0x0800470e   0x00000020   Code   RO         5602    i.USBD_LL_DevDisconnected  usbd_core.o
    0x0800472e   0x0800472e   0x00000008   Code   RO         5400    i.USBD_LL_GetRxDataSize  usbd_conf.o
    0x08004736   0x08004736   0x00000002   PAD
    0x08004738   0x08004738   0x0000006c   Code   RO         5401    i.USBD_LL_Init      usbd_conf.o
    0x080047a4   0x080047a4   0x00000020   Code   RO         5402    i.USBD_LL_IsStallEP  usbd_conf.o
    0x080047c4   0x080047c4   0x00000028   Code   RO         5603    i.USBD_LL_IsoINIncomplete  usbd_core.o
    0x080047ec   0x080047ec   0x00000028   Code   RO         5604    i.USBD_LL_IsoOUTIncomplete  usbd_core.o
    0x08004814   0x08004814   0x00000018   Code   RO         5403    i.USBD_LL_OpenEP    usbd_conf.o
    0x0800482c   0x0800482c   0x00000012   Code   RO         5404    i.USBD_LL_PrepareReceive  usbd_conf.o
    0x0800483e   0x0800483e   0x0000005e   Code   RO         5605    i.USBD_LL_Reset     usbd_core.o
    0x0800489c   0x0800489c   0x00000014   Code   RO         5606    i.USBD_LL_Resume    usbd_core.o
    0x080048b0   0x080048b0   0x0000001a   Code   RO         5607    i.USBD_LL_SOF       usbd_core.o
    0x080048ca   0x080048ca   0x00000006   Code   RO         5608    i.USBD_LL_SetSpeed  usbd_core.o
    0x080048d0   0x080048d0   0x00000012   Code   RO         5405    i.USBD_LL_SetUSBAddress  usbd_conf.o
    0x080048e2   0x080048e2   0x00000060   Code   RO         5609    i.USBD_LL_SetupStage  usbd_core.o
    0x08004942   0x08004942   0x00000012   Code   RO         5406    i.USBD_LL_StallEP   usbd_conf.o
    0x08004954   0x08004954   0x00000012   Code   RO         5407    i.USBD_LL_Start     usbd_conf.o
    0x08004966   0x08004966   0x0000001a   Code   RO         5610    i.USBD_LL_Suspend   usbd_core.o
    0x08004980   0x08004980   0x00000012   Code   RO         5409    i.USBD_LL_Transmit  usbd_conf.o
    0x08004992   0x08004992   0x0000002a   Code   RO         5759    i.USBD_ParseSetupRequest  usbd_ctlreq.o
    0x080049bc   0x080049bc   0x0000003a   Code   RO         5611    i.USBD_RegisterClass  usbd_core.o
    0x080049f6   0x080049f6   0x00000014   Code   RO         5613    i.USBD_SetClassConfig  usbd_core.o
    0x08004a0a   0x08004a0a   0x00000002   PAD
    0x08004a0c   0x08004a0c   0x000000bc   Code   RO         5760    i.USBD_SetConfig    usbd_ctlreq.o
    0x08004ac8   0x08004ac8   0x00000004   Code   RO         5614    i.USBD_Start        usbd_core.o
    0x08004acc   0x08004acc   0x0000012e   Code   RO         5761    i.USBD_StdDevReq    usbd_ctlreq.o
    0x08004bfa   0x08004bfa   0x00000164   Code   RO         5762    i.USBD_StdEPReq     usbd_ctlreq.o
    0x08004d5e   0x08004d5e   0x00000074   Code   RO         5763    i.USBD_StdItfReq    usbd_ctlreq.o
    0x08004dd2   0x08004dd2   0x00000002   Code   RO         5410    i.USBD_static_free  usbd_conf.o
    0x08004dd4   0x08004dd4   0x00000008   Code   RO         5411    i.USBD_static_malloc  usbd_conf.o
    0x08004ddc   0x08004ddc   0x00000080   Code   RO          756    i.USB_ActivateEndpoint  stm32h7xx_ll_usb.o
    0x08004e5c   0x08004e5c   0x0000001c   Code   RO          758    i.USB_ActivateSetup  stm32h7xx_ll_usb.o
    0x08004e78   0x08004e78   0x00000088   Code   RO          760    i.USB_CoreInit      stm32h7xx_ll_usb.o
    0x08004f00   0x08004f00   0x00000040   Code   RO          761    i.USB_CoreReset     stm32h7xx_ll_usb.o
    0x08004f40   0x08004f40   0x000000cc   Code   RO          764    i.USB_DeactivateEndpoint  stm32h7xx_ll_usb.o
    0x0800500c   0x0800500c   0x0000001c   Code   RO          765    i.USB_DevConnect    stm32h7xx_ll_usb.o
    0x08005028   0x08005028   0x0000001c   Code   RO          766    i.USB_DevDisconnect  stm32h7xx_ll_usb.o
    0x08005044   0x08005044   0x00000178   Code   RO          767    i.USB_DevInit       stm32h7xx_ll_usb.o
    0x080051bc   0x080051bc   0x0000000c   Code   RO          768    i.USB_DisableGlobalInt  stm32h7xx_ll_usb.o
    0x080051c8   0x080051c8   0x00000058   Code   RO          771    i.USB_EP0_OutStart  stm32h7xx_ll_usb.o
    0x08005220   0x08005220   0x00000058   Code   RO          772    i.USB_EPClearStall  stm32h7xx_ll_usb.o
    0x08005278   0x08005278   0x00000058   Code   RO          773    i.USB_EPSetStall    stm32h7xx_ll_usb.o
    0x080052d0   0x080052d0   0x00000238   Code   RO          774    i.USB_EPStartXfer   stm32h7xx_ll_usb.o
    0x08005508   0x08005508   0x0000009e   Code   RO          775    i.USB_EPStopXfer    stm32h7xx_ll_usb.o
    0x080055a6   0x080055a6   0x0000000c   Code   RO          776    i.USB_EnableGlobalInt  stm32h7xx_ll_usb.o
    0x080055b2   0x080055b2   0x00000002   PAD
    0x080055b4   0x080055b4   0x0000003c   Code   RO          777    i.USB_FlushRxFifo   stm32h7xx_ll_usb.o
    0x080055f0   0x080055f0   0x00000040   Code   RO          778    i.USB_FlushTxFifo   stm32h7xx_ll_usb.o
    0x08005630   0x08005630   0x0000001a   Code   RO          780    i.USB_GetDevSpeed   stm32h7xx_ll_usb.o
    0x0800564a   0x0800564a   0x00000008   Code   RO          782    i.USB_GetMode       stm32h7xx_ll_usb.o
    0x08005652   0x08005652   0x0000000e   Code   RO          790    i.USB_ReadDevAllInEpInterrupt  stm32h7xx_ll_usb.o
    0x08005660   0x08005660   0x0000000e   Code   RO          791    i.USB_ReadDevAllOutEpInterrupt  stm32h7xx_ll_usb.o
    0x0800566e   0x0800566e   0x00000024   Code   RO          792    i.USB_ReadDevInEPInterrupt  stm32h7xx_ll_usb.o
    0x08005692   0x08005692   0x00000010   Code   RO          793    i.USB_ReadDevOutEPInterrupt  stm32h7xx_ll_usb.o
    0x080056a2   0x080056a2   0x00000008   Code   RO          794    i.USB_ReadInterrupts  stm32h7xx_ll_usb.o
    0x080056aa   0x080056aa   0x00000040   Code   RO          795    i.USB_ReadPacket    stm32h7xx_ll_usb.o
    0x080056ea   0x080056ea   0x0000005e   Code   RO          797    i.USB_SetCurrentMode  stm32h7xx_ll_usb.o
    0x08005748   0x08005748   0x00000022   Code   RO          798    i.USB_SetDevAddress  stm32h7xx_ll_usb.o
    0x0800576a   0x0800576a   0x00000002   PAD
    0x0800576c   0x0800576c   0x000000e8   Code   RO          800    i.USB_SetTurnaroundTime  stm32h7xx_ll_usb.o
    0x08005854   0x08005854   0x00000028   Code   RO          803    i.USB_WritePacket   stm32h7xx_ll_usb.o
    0x0800587c   0x0800587c   0x00000002   Code   RO          308    i.UsageFault_Handler  stm32h7xx_it.o
    0x0800587e   0x0800587e   0x00000022   Code   RO         2394    i.__NVIC_SetPriority  stm32h7xx_hal_cortex.o
    0x080058a0   0x080058a0   0x0000000e   Code   RO         6315    i.__scatterload_copy  mc_w.l(handlers.o)
    0x080058ae   0x080058ae   0x00000002   Code   RO         6316    i.__scatterload_null  mc_w.l(handlers.o)
    0x080058b0   0x080058b0   0x0000000e   Code   RO         6317    i.__scatterload_zeroinit  mc_w.l(handlers.o)
    0x080058be   0x080058be   0x00000002   PAD
    0x080058c0   0x080058c0   0x00000070   Code   RO           21    i.main              main.o
    0x08005930   0x08005930   0x00000018   Data   RO         4278    .constdata          stm32h7xx_hal_uart.o
    0x08005948   0x08005948   0x00000010   Data   RO         4644    .constdata          stm32h7xx_hal_uart_ex.o
    0x08005958   0x08005958   0x00000010   Data   RO         4749    .constdata          system_stm32h7xx.o
    0x08005968   0x08005968   0x00000020   Data   RO         6313    Region$$Table       anon$$obj.o


    Execution Region RW_IRAM1 (Exec base: 0x20000000, Load base: 0x08005988, Size: 0x00000000, Max: 0x00020000, ABSOLUTE)

    **** No section assigned to this execution region ****


    Execution Region RW_IRAM2 (Exec base: 0x24000000, Load base: 0x08005988, Size: 0x00002160, Max: 0x00050000, ABSOLUTE)

    Exec Addr    Load Addr    Size         Type   Attr      Idx    E Section Name        Object

    0x24000000   0x08005988   0x0000000c   Data   RW         2570    .data               stm32h7xx_hal.o
    0x2400000c   0x08005994   0x00000008   Data   RW         4750    .data               system_stm32h7xx.o
    0x24000014   0x0800599c   0x00000020   Data   RW         5238    .data               usbd_desc.o
    0x24000034   0x080059bc   0x0000003e   Data   RW         5239    .data               usbd_desc.o
    0x24000072   0x080059fa   0x00000002   PAD
    0x24000074   0x080059fc   0x00000014   Data   RW         5327    .data               usbd_cdc_if.o
    0x24000088   0x08005a10   0x00000001   Data   RW         5764    .data               usbd_ctlreq.o
    0x24000089   0x08005a11   0x00000003   PAD
    0x2400008c   0x08005a14   0x00000053   Data   RW         5911    .data               usbd_cdc.o
    0x240000df   0x08005a67   0x00000001   PAD
    0x240000e0   0x08005a68   0x00000038   Data   RW         5912    .data               usbd_cdc.o
    0x24000118        -       0x00000140   Zero   RW           28    .bss                main.o
    0x24000258        -       0x000002dc   Zero   RW         5194    .bss                usb_device.o
    0x24000534        -       0x00000200   Zero   RW         5237    .bss                usbd_desc.o
    0x24000734        -       0x00001000   Zero   RW         5326    .bss                usbd_cdc_if.o
    0x24001734        -       0x0000062c   Zero   RW         5412    .bss                usbd_conf.o
    0x24001d60        -       0x00000400   Zero   RW            1    STACK               startup_stm32h723xx.o


==============================================================================

Image component sizes


      Code (inc. data)   RO Data    RW Data    ZI Data      Debug   Object Name

       888         72          0          0        320    1177645   main.o
        36          8        716          0       1024        812   startup_stm32h723xx.o
       220         40          0         12          0      23489   stm32h7xx_hal.o
       198         12          0          0          0      39455   stm32h7xx_hal_cortex.o
       550         44          0          0          0       2240   stm32h7xx_hal_gpio.o
       368         42          0          0          0       3025   stm32h7xx_hal_msp.o
      2682         16          0          0          0      13508   stm32h7xx_hal_pcd.o
       120          6          0          0          0       3175   stm32h7xx_hal_pcd_ex.o
       100         10          0          0          0       1310   stm32h7xx_hal_pwr_ex.o
      2374        102          0          0          0       6960   stm32h7xx_hal_rcc.o
      3622        112          0          0          0       7645   stm32h7xx_hal_rcc_ex.o
       370         18          0          0          0       3669   stm32h7xx_hal_rtc.o
       380         14          0          0          0       1691   stm32h7xx_hal_spi.o
      1688        122         24          0          0      25482   stm32h7xx_hal_uart.o
       284          6         16          0          0       3697   stm32h7xx_hal_uart_ex.o
        56         18          0          0          0       5297   stm32h7xx_it.o
      2716        134          0          0          0      22516   stm32h7xx_ll_usb.o
       192         34         16          8          0       1418   system_stm32h7xx.o
        84         18          0          0        732        752   usb_device.o
      1284         40          0        139          0      14173   usbd_cdc.o
       100         22          0         20       4096       3808   usbd_cdc_if.o
       732         32          0          0       1580      16320   usbd_conf.o
       932          0          0          0          0      15039   usbd_core.o
      1360         22          0          1          0      14916   usbd_ctlreq.o
       292        106          0         94        512       6157   usbd_desc.o
       132          0          0          0          0       4492   usbd_ioreq.o

    ----------------------------------------------------------------------
     21796       1050        804        280       8264    1418691   Object Totals
         0          0         32          0          0          0   (incl. Generated)
        36          0          0          6          0          0   (incl. Padding)

    ----------------------------------------------------------------------

      Code (inc. data)   RO Data    RW Data    ZI Data      Debug   Library Member Name

         0          0          0          0          0          0   entry.o
         0          0          0          0          0          0   entry10a.o
         0          0          0          0          0          0   entry11a.o
         8          4          0          0          0          0   entry2.o
         4          0          0          0          0          0   entry5.o
         0          0          0          0          0          0   entry7b.o
         0          0          0          0          0          0   entry8b.o
         8          4          0          0          0          0   entry9a.o
        30          0          0          0          0          0   handlers.o
        36          8          0          0          0         68   init.o
        30          0          0          0          0         68   llshl.o
        32          0          0          0          0         68   llushr.o
        36          0          0          0          0         68   memcpya.o
        36          0          0          0          0        108   memseta.o
        98          0          0          0          0         92   uldiv.o

    ----------------------------------------------------------------------
       320         16          0          0          0        472   Library Totals
         2          0          0          0          0          0   (incl. Padding)

    ----------------------------------------------------------------------

      Code (inc. data)   RO Data    RW Data    ZI Data      Debug   Library Name

       318         16          0          0          0        472   mc_w.l

    ----------------------------------------------------------------------
       320         16          0          0          0        472   Library Totals

    ----------------------------------------------------------------------

==============================================================================


      Code (inc. data)   RO Data    RW Data    ZI Data      Debug   

     22116       1066        804        280       8264    1399911   Grand Totals
     22116       1066        804        280       8264    1399911   ELF Image Totals
     22116       1066        804        280          0          0   ROM Totals

==============================================================================

    Total RO  Size (Code + RO Data)                22920 (  22.38kB)
    Total RW  Size (RW Data + ZI Data)              8544 (   8.34kB)
    Total ROM Size (Code + RO Data + RW Data)      23200 (  22.66kB)

==============================================================================

